[warmup] 2-step throwaway pass done
[q_gpu Q01_s101_i0] enc=1.975s dit=149.11s vae=2.61s total=153.70s peak=50.73GiB
[q_gpu Q02_s102_i0] enc=1.337s dit=149.71s vae=2.58s total=153.62s peak=50.73GiB
[q_gpu Q03_s103_i0] enc=1.443s dit=149.13s vae=2.43s total=153.01s peak=50.73GiB
[q_gpu Q04_s104_i0] enc=1.332s dit=149.55s vae=2.33s total=153.22s peak=50.73GiB
[q_gpu Q05_s105_i0] enc=1.341s dit=149.37s vae=2.25s total=152.98s peak=50.73GiB
[q_gpu Q06_s106_i0] enc=1.396s dit=149.42s vae=2.27s total=153.08s peak=50.73GiB
[q_gpu Q07_s107_i0] enc=1.980s dit=149.30s vae=2.28s total=153.58s peak=50.73GiB
[q_gpu Q08_s108_i0] enc=1.986s dit=148.06s vae=2.53s total=152.59s peak=50.73GiB
[q_gpu Q09_s109_i0] enc=2.003s dit=147.76s vae=2.26s total=152.03s peak=50.73GiB
[q_gpu Q10_s110_i0] enc=2.044s dit=147.90s vae=2.30s total=152.25s peak=50.73GiB
[q_gpu Q11_s111_i0] enc=1.352s dit=147.53s vae=2.33s total=151.23s peak=50.73GiB
[q_gpu Q12_s112_i0] enc=1.341s dit=147.24s vae=2.24s total=150.84s peak=50.73GiB
[q_gpu Q13_s113_i0] enc=1.318s dit=146.21s vae=2.38s total=149.91s peak=50.73GiB
[q_gpu Q14_s114_i0] enc=1.318s dit=146.07s vae=2.34s total=149.74s peak=50.73GiB
[q_gpu Q15_s115_i0] enc=1.384s dit=145.36s vae=2.31s total=149.06s peak=50.73GiB
[q_gpu Q16_s116_i0] enc=1.419s dit=145.02s vae=2.31s total=148.76s peak=50.73GiB
[q_gpu Q17_s117_i0] enc=1.390s dit=146.54s vae=2.26s total=150.20s peak=50.73GiB
[q_gpu Q18_s118_i0] enc=1.371s dit=146.35s vae=2.24s total=149.98s peak=50.73GiB
[q_gpu Q19_s119_i0] enc=1.303s dit=144.98s vae=2.23s total=148.52s peak=50.73GiB
[q_gpu Q20_s120_i0] enc=1.949s dit=145.42s vae=2.29s total=149.67s peak=50.73GiB
[q_gpu Q21_s121_i0] enc=1.285s dit=145.68s vae=2.35s total=149.32s peak=50.73GiB
[q_gpu Q22_s122_i0] enc=1.281s dit=146.20s vae=2.35s total=149.84s peak=50.73GiB
[q_gpu Q23_s123_i0] enc=2.070s dit=147.04s vae=2.38s total=151.50s peak=50.73GiB
[q_gpu Q24_s124_i0] enc=2.042s dit=147.02s vae=2.40s total=151.47s peak=50.73GiB
[q_gpu Q25_s125_i0] enc=1.396s dit=146.90s vae=2.29s total=150.60s peak=50.73GiB
[q_gpu Q26_s126_i0] enc=1.925s dit=148.75s vae=2.25s total=152.93s peak=50.73GiB
[q_gpu Q27_s127_i0] enc=1.361s dit=148.66s vae=2.28s total=152.31s peak=50.73GiB
[q_gpu Q28_s128_i0] enc=1.987s dit=147.07s vae=2.25s total=151.32s peak=50.73GiB
[q_gpu Q29_s129_i0] enc=1.965s dit=147.06s vae=2.28s total=151.32s peak=50.73GiB
[q_gpu Q30_s130_i0] enc=1.996s dit=147.44s vae=2.27s total=151.72s peak=50.73GiB
[saved] /home/amd/Desktop/qwen3vl-cpu-benchmark/results/e2e/quality/q_gpu.json (30 images, wall=4589.8s)
Exception ignored in: <function ModelPatcher.__del__ at 0x727d385cbf60>
Traceback (most recent call last):
  File "/home/amd/Desktop/qwen3vl-cpu-benchmark/ComfyUI/comfy/model_patcher.py", line 1750, in __del__
  File "/home/amd/Desktop/qwen3vl-cpu-benchmark/ComfyUI/comfy/model_patcher.py", line 1303, in detach
AttributeError: 'NoneType' object has no attribute 'ON_DETACH'
Exception ignored in: <function ModelPatcher.__del__ at 0x727d385cbf60>
Traceback (most recent call last):
  File "/home/amd/Desktop/qwen3vl-cpu-benchmark/ComfyUI/comfy/model_patcher.py", line 1750, in __del__
  File "/home/amd/Desktop/qwen3vl-cpu-benchmark/ComfyUI/comfy/model_patcher.py", line 1303, in detach
AttributeError: 'NoneType' object has no attribute 'ON_DETACH'
Exception ignored in: <function ModelPatcher.__del__ at 0x727d385cbf60>
Traceback (most recent call last):
  File "/home/amd/Desktop/qwen3vl-cpu-benchmark/ComfyUI/comfy/model_patcher.py", line 1750, in __del__
  File "/home/amd/Desktop/qwen3vl-cpu-benchmark/ComfyUI/comfy/model_patcher.py", line 1303, in detach
AttributeError: 'NoneType' object has no attribute 'ON_DETACH'
