Exception ignored in: <function ModelPatcher.__del__ at 0x7404d881bec0>
Traceback (most recent call last):
  File "/home/amd/Desktop/qwen3vl-cpu-benchmark/ComfyUI/comfy/model_patcher.py", line 1750, in __del__
  File "/home/amd/Desktop/qwen3vl-cpu-benchmark/ComfyUI/comfy/model_patcher.py", line 1303, in detach
AttributeError: 'NoneType' object has no attribute 'ON_DETACH'
[chain] continuous FAILED
Exception ignored in: <function ModelPatcher.__del__ at 0x702af1fdc040>
Traceback (most recent call last):
  File "/home/amd/Desktop/qwen3vl-cpu-benchmark/ComfyUI/comfy/model_patcher.py", line 1750, in __del__
  File "/home/amd/Desktop/qwen3vl-cpu-benchmark/ComfyUI/comfy/model_patcher.py", line 1303, in detach
AttributeError: 'NoneType' object has no attribute 'ON_DETACH'
[chain] pipelined FAILED
  [wall] contd_ov: 450.1s
  [wall] contd_ov_enc: 934.2s
[suite 01:46:18] stage contention done
  [wall] pm_gpu: 1576.5s
  [wall] pm_ov: 1562.0s
  [wall] pm_native: 1261.7s
[suite 02:59:38] stage prompt_matrix done
  [wall] sm40_gpu: 631.8s
  [wall] sm40_ov: 637.5s
[suite 03:20:47] stage step_matrix done
  [wall] rm1328_gpu: 796.9s
  [wall] rm1328_ov: 784.0s
[suite 03:47:08] stage res_matrix done
[suite 03:54:33] stage dit_kernel_note done
  [wall] dq0_s1: 322.3s
  [wall] dq0_s2: 327.0s
  [wall] dq64_s1: 322.0s
  [wall] dq64_s2: 324.9s
  [wall] dq128_s1: 321.7s
  [wall] dq128_s2: 324.6s
scripts/run_e2e_suite.sh: line 170: syntax error near unexpected token `compare'
[chain] dq_matrix FAILED
  [wall] ovcache_cold: 51.3s
  [wall] ovcache_cold2: 50.0s
  [wall] ovcache_warm: 48.6s
[suite 04:29:25] stage ov_cache done
  [wall] det_test: 184.9s
[suite 04:32:30] stage det_test done
[chain 04:32:30] ALL DONE
  [wall] cont_gpu: 779.4s
  [wall] cont_ov: 786.8s
  [wall] cont_ov10: 1556.7s
[suite 05:25:01] stage continuous done
  [wall] pipe_ov5: 789.2s
  [wall] pipe_ov10: 1684.7s
[suite 06:06:15] stage pipelined done
[chain3 06:06:15] ALL DONE
  [wall] kn20_aot: 394.6s
[suite 06:21:09] stage kernel_note20 done
  [wall] det_test: 184.3s
[suite 06:24:13] stage det_test done
  [wall] q_gpu: 4598.4s
  [wall] q_dq32: 4556.5s
[suite 08:56:48] stage quality done
  [wall] q_dq64: 1874.2s
  [wall] q_dq128: 1859.0s
[suite 09:59:01] stage quality_dq_subset done
  [wall] rs_gpu: 830.1s
  [wall] rs_dq128: 799.0s
[suite 10:26:10] stage repeated_seeds done
[chain4 10:26:11] ALL DONE
[server] ready
Traceback (most recent call last):
  File "/home/amd/Desktop/qwen3vl-cpu-benchmark/scripts/run_custom_node_benchmark.py", line 125, in <module>
    main()
  File "/home/amd/Desktop/qwen3vl-cpu-benchmark/scripts/run_custom_node_benchmark.py", line 102, in main
    pid = post_prompt(wf)
          ^^^^^^^^^^^^^^^
  File "/home/amd/Desktop/qwen3vl-cpu-benchmark/scripts/run_custom_node_benchmark.py", line 63, in post_prompt
    with urllib.request.urlopen(req, timeout=30) as r:
         ^^^^^^^^^^^^^^^^^^^^^^^^^^^^^^^^^^^^^^^
  File "/usr/lib/python3.12/urllib/request.py", line 215, in urlopen
    return opener.open(url, data, timeout)
           ^^^^^^^^^^^^^^^^^^^^^^^^^^^^^^^
  File "/usr/lib/python3.12/urllib/request.py", line 521, in open
    response = meth(req, response)
               ^^^^^^^^^^^^^^^^^^^
  File "/usr/lib/python3.12/urllib/request.py", line 630, in http_response
    response = self.parent.error(
               ^^^^^^^^^^^^^^^^^^
  File "/usr/lib/python3.12/urllib/request.py", line 559, in error
    return self._call_chain(*args)
           ^^^^^^^^^^^^^^^^^^^^^^^
  File "/usr/lib/python3.12/urllib/request.py", line 492, in _call_chain
    result = func(*args)
             ^^^^^^^^^^^
  File "/usr/lib/python3.12/urllib/request.py", line 639, in http_error_default
    raise HTTPError(req.full_url, code, msg, hdrs, fp)
urllib.error.HTTPError: HTTP Error 400: Bad Request
[chain5] custom node FAILED
[chain5 10:26:41] ALL DONE
