[transformers] PyTorch was not found. Models won't be available and only tokenizers, configuration and file/data utilities can be used.
[inv] openvino 2026.4.0-22959-99c81491cc3-releases/2026/4 devices=['CPU', 'GPU']
[inv] pre-norm node: __module.model.language_model.layers.35/aten::add/Add_1
[inv] read 0.103s compile 1.070s
[inv] supported_properties:
    CPU_DENORMALS_OPTIMIZATION = False
    CPU_SPARSE_WEIGHTS_DECOMPRESSION_RATE = 1.0
    DYNAMIC_QUANTIZATION_GROUP_SIZE = 32
    ENABLE_CPU_PINNING = True
    ENABLE_CPU_RESERVATION = False
    ENABLE_HYPER_THREADING = False
    ENABLE_TENSOR_PARALLEL = False
    EXECUTION_DEVICES = ['CPU']
    EXECUTION_MODE_HINT = ExecutionMode.PERFORMANCE
    INFERENCE_NUM_THREADS = 16
    INFERENCE_PRECISION_HINT = <Type: 'float32'>
    KEY_CACHE_GROUP_SIZE = 0
    KEY_CACHE_PRECISION = <Type: 'uint8_t'>
    KV_CACHE_PRECISION = <Type: 'uint8_t'>
    LOG_LEVEL = Level.NO
    MODEL_DISTRIBUTION_POLICY = set()
    NETWORK_NAME = Model0
    NUM_STREAMS = 1
    OPTIMAL_NUMBER_OF_INFER_REQUESTS = 1
    PERFORMANCE_HINT = LATENCY
    PERFORMANCE_HINT_NUM_REQUESTS = 0
    PERF_COUNT = YES
    RUNTIME_REQUIREMENTS = meta=1.0;ov=2026.4.0;isa=Intel AVX-512 with AVX512BW, AVX512VL, and AVX512DQ extensions
    SCHEDULING_CORE_TYPE = SchedulingCoreType.ANY_CORE
    SUPPORTED_PROPERTIES = {'SUPPORTED_PROPERTIES': 'RO', 'NETWORK_NAME': 'RO', 'OPTIMAL_NUMBER_OF_INFER_REQUESTS': 'RO', 'NUM_STREAMS': 'RO', 'INFERENCE_NUM_THREADS': 'RO', 'PERF_COUNT': 'RO', 'INFERENCE_PRECISION_HINT': 'RO', 'PERFORMANCE_HINT': 'RO', 'EXECUTION_MODE_HINT': 'RO', 'PERFORMANCE_HINT_NUM_REQUESTS': 'RO', 'ENABLE_CPU_PINNING': 'RO', 'ENABLE_CPU_RESERVATION': 'RO', 'SCHEDULING_CORE_TYPE': 'RO', 'MODEL_DISTRIBUTION_POLICY': 'RO', 'ENABLE_HYPER_THREADING': 'RO', 'EXECUTION_DEVICES': 'RO', 'CPU_DENORMALS_OPTIMIZATION': 'RO', 'LOG_LEVEL': 'RO', 'CPU_SPARSE_WEIGHTS_DECOMPRESSION_RATE': 'RO', 'ENABLE_TENSOR_PARALLEL': 'RO', 'TBB_PARTITIONER': 'RO', 'DYNAMIC_QUANTIZATION_GROUP_SIZE': 'RO', 'KV_CACHE_PRECISION': 'RO', 'KEY_CACHE_PRECISION': 'RO', 'VALUE_CACHE_PRECISION': 'RO', 'KEY_CACHE_GROUP_SIZE': 'RO', 'VALUE_CACHE_GROUP_SIZE': 'RO', 'RUNTIME_REQUIREMENTS': 'RO'}
    TBB_PARTITIONER = TbbPartitioner.STATIC
    VALUE_CACHE_GROUP_SIZE = 0
    VALUE_CACHE_PRECISION = <Type: 'uint8_t'>
[inv] DYNAMIC_QUANTIZATION_GROUP_SIZE supported: True
[inv] top runtime op/exec types:
     2566  ExecutionNode
        6  Parameter
        3  Result
[P1] n_tok=39 warm_p50=0.1774s mean=0.1788s min=0.1741s cos_hostA=None
           11286.0 us  __module.lm_head/aten::linear/MatMul                                     brgemm_avx512_f32
            1584.0 us  __module.model.language_model.layers.28.mlp.down_proj/aten::linear/Mat   brgemm_avx512_f32
            1390.0 us  __module.model.language_model.layers.21.mlp.gate_proj/aten::linear/Mat   brgemm_avx512_f32
            1348.0 us  __module.model.language_model.layers.27.mlp.gate_proj/aten::linear/Mat   brgemm_avx512_f32
            1343.0 us  __module.model.language_model.layers.17.mlp.down_proj/aten::linear/Mat   brgemm_avx512_f32
            1330.0 us  __module.model.language_model.layers.9.mlp.down_proj/aten::linear/MatM   brgemm_avx512_f32
            1327.0 us  __module.model.language_model.layers.3.mlp.up_proj/aten::linear/MatMul   brgemm_avx512_f32
            1312.0 us  __module.model.language_model.layers.34.mlp.gate_proj/aten::linear/Mat   brgemm_avx512_f32
            1227.0 us  __module.model.language_model.layers.25.mlp.gate_proj/aten::linear/Mat   brgemm_avx512_f32
            1224.0 us  __module.model.language_model.layers.17.mlp.up_proj/aten::linear/MatMu   brgemm_avx512_f32
            1201.0 us  __module.model.language_model.layers.32.mlp.up_proj/aten::linear/MatMu   brgemm_avx512_f32
            1159.0 us  __module.model.language_model.layers.20.mlp.gate_proj/aten::linear/Mat   brgemm_avx512_f32
[P2] n_tok=81 warm_p50=0.4439s mean=0.4433s min=0.4332s cos_hostA=None
           24707.0 us  __module.lm_head/aten::linear/MatMul                                     brgemm_avx512_f32
            2083.0 us  __module.model.language_model.layers.32.mlp.down_proj/aten::linear/Mat   brgemm_avx512_f32
        1991.0000000000002 us  __module.model.language_model.layers.20.mlp.gate_proj/aten::linear/Mat   brgemm_avx512_f32
            1980.0 us  __module.model.language_model.layers.17.mlp.down_proj/aten::linear/Mat   brgemm_avx512_f32
            1977.0 us  __module.model.language_model.layers.28.mlp.down_proj/aten::linear/Mat   brgemm_avx512_f32
        1965.0000000000002 us  __module.model.language_model.layers.24.mlp.down_proj/aten::linear/Mat   brgemm_avx512_f32
            1961.0 us  __module.model.language_model.layers.32.mlp.up_proj/aten::linear/MatMu   brgemm_avx512_f32
            1908.0 us  __module.model.language_model.layers.13.mlp.up_proj/aten::linear/MatMu   brgemm_avx512_f32
            1878.0 us  __module.model.language_model.layers.20.mlp.up_proj/aten::linear/MatMu   brgemm_avx512_f32
            1873.0 us  __module.model.language_model.layers.22.mlp.down_proj/aten::linear/Mat   brgemm_avx512_f32
            1871.0 us  __module.model.language_model.layers.21.mlp.down_proj/aten::linear/Mat   brgemm_avx512_f32
            1867.0 us  __module.model.language_model.layers.9.mlp.down_proj/aten::linear/MatM   brgemm_avx512_f32
[P3] n_tok=185 warm_p50=0.9041s mean=0.9054s min=0.8971s cos_hostA=None
           35712.0 us  __module.lm_head/aten::linear/MatMul                                     brgemm_avx512_f32
            3379.0 us  __module.model.language_model.layers.32.mlp.down_proj/aten::linear/Mat   brgemm_avx512_f32
            3293.0 us  __module.model.language_model.layers.0.mlp.up_proj/aten::linear/MatMul   brgemm_avx512_f32
            3239.0 us  __module.model.language_model.layers.28.mlp.gate_proj/aten::linear/Mat   brgemm_avx512_f32
            3160.0 us  __module.model.language_model.layers.23.mlp.down_proj/aten::linear/Mat   brgemm_avx512_f32
            3115.0 us  __module.model.language_model.layers.19.mlp.down_proj/aten::linear/Mat   brgemm_avx512_f32
            3106.0 us  __module.model.language_model.layers.28.mlp.down_proj/aten::linear/Mat   brgemm_avx512_f32
            3085.0 us  __module.model.language_model.layers.34.mlp.gate_proj/aten::linear/Mat   brgemm_avx512_f32
            3079.0 us  __module.model.language_model.layers.8.mlp.down_proj/aten::linear/MatM   brgemm_avx512_f32
            3072.0 us  __module.model.language_model.layers.10.mlp.gate_proj/aten::linear/Mat   brgemm_avx512_f32
            3072.0 us  __module.model.language_model.layers.24.mlp.down_proj/aten::linear/Mat   brgemm_avx512_f32
            3047.0 us  __module.model.language_model.layers.20.mlp.gate_proj/aten::linear/Mat   brgemm_avx512_f32
[saved] /workspace/qwen3vl-cpu-benchmark/results/openvino_isa/investigate_core_f32_p2.json  (rss 14.77 GiB)
