[transformers] PyTorch was not found. Models won't be available and only tokenizers, configuration and file/data utilities can be used.
[inv] openvino 2026.4.0-22959-99c81491cc3-releases/2026/4 devices=['CPU', 'GPU']
[inv] pre-norm node: __module.model.language_model.layers.35/aten::add/Add_1
[inv] read 0.100s compile 1.057s
[inv] supported_properties:
    CPU_DENORMALS_OPTIMIZATION = False
    CPU_SPARSE_WEIGHTS_DECOMPRESSION_RATE = 1.0
    DYNAMIC_QUANTIZATION_GROUP_SIZE = 32
    ENABLE_CPU_PINNING = True
    ENABLE_CPU_RESERVATION = False
    ENABLE_HYPER_THREADING = False
    ENABLE_TENSOR_PARALLEL = False
    EXECUTION_DEVICES = ['CPU']
    EXECUTION_MODE_HINT = ExecutionMode.PERFORMANCE
    INFERENCE_NUM_THREADS = 16
    INFERENCE_PRECISION_HINT = <Type: 'float32'>
    KEY_CACHE_GROUP_SIZE = 0
    KEY_CACHE_PRECISION = <Type: 'uint8_t'>
    KV_CACHE_PRECISION = <Type: 'uint8_t'>
    LOG_LEVEL = Level.NO
    MODEL_DISTRIBUTION_POLICY = set()
    NETWORK_NAME = Model0
    NUM_STREAMS = 1
    OPTIMAL_NUMBER_OF_INFER_REQUESTS = 1
    PERFORMANCE_HINT = LATENCY
    PERFORMANCE_HINT_NUM_REQUESTS = 0
    PERF_COUNT = YES
    RUNTIME_REQUIREMENTS = meta=1.0;ov=2026.4.0;isa=Intel AVX-512 with AVX512BW, AVX512VL, and AVX512DQ extensions
    SCHEDULING_CORE_TYPE = SchedulingCoreType.ANY_CORE
    SUPPORTED_PROPERTIES = {'SUPPORTED_PROPERTIES': 'RO', 'NETWORK_NAME': 'RO', 'OPTIMAL_NUMBER_OF_INFER_REQUESTS': 'RO', 'NUM_STREAMS': 'RO', 'INFERENCE_NUM_THREADS': 'RO', 'PERF_COUNT': 'RO', 'INFERENCE_PRECISION_HINT': 'RO', 'PERFORMANCE_HINT': 'RO', 'EXECUTION_MODE_HINT': 'RO', 'PERFORMANCE_HINT_NUM_REQUESTS': 'RO', 'ENABLE_CPU_PINNING': 'RO', 'ENABLE_CPU_RESERVATION': 'RO', 'SCHEDULING_CORE_TYPE': 'RO', 'MODEL_DISTRIBUTION_POLICY': 'RO', 'ENABLE_HYPER_THREADING': 'RO', 'EXECUTION_DEVICES': 'RO', 'CPU_DENORMALS_OPTIMIZATION': 'RO', 'LOG_LEVEL': 'RO', 'CPU_SPARSE_WEIGHTS_DECOMPRESSION_RATE': 'RO', 'ENABLE_TENSOR_PARALLEL': 'RO', 'TBB_PARTITIONER': 'RO', 'DYNAMIC_QUANTIZATION_GROUP_SIZE': 'RO', 'KV_CACHE_PRECISION': 'RO', 'KEY_CACHE_PRECISION': 'RO', 'VALUE_CACHE_PRECISION': 'RO', 'KEY_CACHE_GROUP_SIZE': 'RO', 'VALUE_CACHE_GROUP_SIZE': 'RO', 'RUNTIME_REQUIREMENTS': 'RO'}
    TBB_PARTITIONER = TbbPartitioner.STATIC
    VALUE_CACHE_GROUP_SIZE = 0
    VALUE_CACHE_PRECISION = <Type: 'uint8_t'>
[inv] DYNAMIC_QUANTIZATION_GROUP_SIZE supported: True
[inv] top runtime op/exec types:
     2566  ExecutionNode
        6  Parameter
        3  Result
[P1] n_tok=39 warm_p50=0.1754s mean=0.1754s min=0.1691s cos_hostA=None
           11704.0 us  __module.lm_head/aten::linear/MatMul                                     brgemm_avx512_f32
            1691.0 us  __module.model.language_model.layers.27.mlp.gate_proj/aten::linear/Mat   brgemm_avx512_f32
            1553.0 us  __module.model.language_model.layers.21.mlp.down_proj/aten::linear/Mat   brgemm_avx512_f32
            1487.0 us  __module.model.language_model.layers.6.mlp.gate_proj/aten::linear/MatM   brgemm_avx512_f32
            1440.0 us  __module.model.language_model.layers.12.mlp.down_proj/aten::linear/Mat   brgemm_avx512_f32
            1421.0 us  __module.model.language_model.layers.21.mlp.up_proj/aten::linear/MatMu   brgemm_avx512_f32
            1370.0 us  __module.model.language_model.layers.35.mlp.gate_proj/aten::linear/Mat   brgemm_avx512_f32
            1367.0 us  __module.model.language_model.layers.6.mlp.up_proj/aten::linear/MatMul   brgemm_avx512_f32
            1357.0 us  __module.model.language_model.layers.11.mlp.down_proj/aten::linear/Mat   brgemm_avx512_f32
            1353.0 us  __module.model.language_model.layers.18.mlp.down_proj/aten::linear/Mat   brgemm_avx512_f32
            1293.0 us  __module.model.language_model.layers.2.mlp.down_proj/aten::linear/MatM   brgemm_avx512_f32
            1260.0 us  __module.model.language_model.layers.10.mlp.down_proj/aten::linear/Mat   brgemm_avx512_f32
[P2] n_tok=81 warm_p50=0.4248s mean=0.4249s min=0.4174s cos_hostA=None
           24337.0 us  __module.lm_head/aten::linear/MatMul                                     brgemm_avx512_f32
            2497.0 us  __module.model.language_model.layers.23.mlp.down_proj/aten::linear/Mat   brgemm_avx512_f32
            2265.0 us  __module.model.language_model.layers.21.mlp.down_proj/aten::linear/Mat   brgemm_avx512_f32
            2097.0 us  __module.model.language_model.layers.30.mlp.down_proj/aten::linear/Mat   brgemm_avx512_f32
            2035.0 us  __module.model.language_model.layers.27.mlp.gate_proj/aten::linear/Mat   brgemm_avx512_f32
        1991.0000000000002 us  __module.model.language_model.layers.21.mlp.up_proj/aten::linear/MatMu   brgemm_avx512_f32
            1974.0 us  __module.model.language_model.layers.20.mlp.down_proj/aten::linear/Mat   brgemm_avx512_f32
            1925.0 us  __module.model.language_model.layers.16.mlp.down_proj/aten::linear/Mat   brgemm_avx512_f32
            1898.0 us  __module.model.language_model.layers.12.mlp.down_proj/aten::linear/Mat   brgemm_avx512_f32
            1888.0 us  __module.model.language_model.layers.6.mlp.gate_proj/aten::linear/MatM   brgemm_avx512_f32
            1887.0 us  __module.model.language_model.layers.19.mlp.up_proj/aten::linear/MatMu   brgemm_avx512_f32
            1870.0 us  __module.model.language_model.layers.22.mlp.gate_proj/aten::linear/Mat   brgemm_avx512_f32
[P3] n_tok=185 warm_p50=0.8914s mean=0.8876s min=0.8762s cos_hostA=None
           35158.0 us  __module.lm_head/aten::linear/MatMul                                     brgemm_avx512_f32
            3523.0 us  __module.model.language_model.layers.23.mlp.down_proj/aten::linear/Mat   brgemm_avx512_f32
            3278.0 us  __module.model.language_model.layers.29.mlp.gate_proj/aten::linear/Mat   brgemm_avx512_f32
            3209.0 us  __module.model.language_model.layers.9.mlp.down_proj/aten::linear/MatM   brgemm_avx512_f32
            3190.0 us  __module.model.language_model.layers.21.mlp.down_proj/aten::linear/Mat   brgemm_avx512_f32
            3097.0 us  __module.model.language_model.layers.30.mlp.down_proj/aten::linear/Mat   brgemm_avx512_f32
            3050.0 us  __module.model.language_model.layers.28.mlp.gate_proj/aten::linear/Mat   brgemm_avx512_f32
            3019.0 us  __module.model.language_model.layers.35.mlp.gate_proj/aten::linear/Mat   brgemm_avx512_f32
            3014.0 us  __module.model.language_model.layers.16.mlp.down_proj/aten::linear/Mat   brgemm_avx512_f32
            3005.0 us  __module.model.language_model.layers.19.mlp.down_proj/aten::linear/Mat   brgemm_avx512_f32
            2998.0 us  __module.model.language_model.layers.10.mlp.gate_proj/aten::linear/Mat   brgemm_avx512_f32
            2988.0 us  __module.model.language_model.layers.27.mlp.gate_proj/aten::linear/Mat   brgemm_avx512_f32
[saved] /workspace/qwen3vl-cpu-benchmark/results/openvino_isa/investigate_core_f32_p1.json  (rss 14.77 GiB)
