[transformers] PyTorch was not found. Models won't be available and only tokenizers, configuration and file/data utilities can be used.
[inv] openvino 2026.4.0-22959-99c81491cc3-releases/2026/4 devices=['CPU', 'GPU']
[inv] pre-norm node: __module.model.language_model.layers.35/aten::add/Add_1
[inv] read 0.103s compile 1.068s
[inv] supported_properties:
    CPU_DENORMALS_OPTIMIZATION = False
    CPU_SPARSE_WEIGHTS_DECOMPRESSION_RATE = 1.0
    DYNAMIC_QUANTIZATION_GROUP_SIZE = 32
    ENABLE_CPU_PINNING = True
    ENABLE_CPU_RESERVATION = False
    ENABLE_HYPER_THREADING = False
    ENABLE_TENSOR_PARALLEL = False
    EXECUTION_DEVICES = ['CPU']
    EXECUTION_MODE_HINT = ExecutionMode.PERFORMANCE
    INFERENCE_NUM_THREADS = 16
    INFERENCE_PRECISION_HINT = <Type: 'float32'>
    KEY_CACHE_GROUP_SIZE = 0
    KEY_CACHE_PRECISION = <Type: 'uint8_t'>
    KV_CACHE_PRECISION = <Type: 'uint8_t'>
    LOG_LEVEL = Level.NO
    MODEL_DISTRIBUTION_POLICY = set()
    NETWORK_NAME = Model0
    NUM_STREAMS = 1
    OPTIMAL_NUMBER_OF_INFER_REQUESTS = 1
    PERFORMANCE_HINT = LATENCY
    PERFORMANCE_HINT_NUM_REQUESTS = 0
    PERF_COUNT = YES
    RUNTIME_REQUIREMENTS = meta=1.0;ov=2026.4.0;isa=Intel AVX-512 with AVX512BW, AVX512VL, and AVX512DQ extensions
    SCHEDULING_CORE_TYPE = SchedulingCoreType.ANY_CORE
    SUPPORTED_PROPERTIES = {'SUPPORTED_PROPERTIES': 'RO', 'NETWORK_NAME': 'RO', 'OPTIMAL_NUMBER_OF_INFER_REQUESTS': 'RO', 'NUM_STREAMS': 'RO', 'INFERENCE_NUM_THREADS': 'RO', 'PERF_COUNT': 'RO', 'INFERENCE_PRECISION_HINT': 'RO', 'PERFORMANCE_HINT': 'RO', 'EXECUTION_MODE_HINT': 'RO', 'PERFORMANCE_HINT_NUM_REQUESTS': 'RO', 'ENABLE_CPU_PINNING': 'RO', 'ENABLE_CPU_RESERVATION': 'RO', 'SCHEDULING_CORE_TYPE': 'RO', 'MODEL_DISTRIBUTION_POLICY': 'RO', 'ENABLE_HYPER_THREADING': 'RO', 'EXECUTION_DEVICES': 'RO', 'CPU_DENORMALS_OPTIMIZATION': 'RO', 'LOG_LEVEL': 'RO', 'CPU_SPARSE_WEIGHTS_DECOMPRESSION_RATE': 'RO', 'ENABLE_TENSOR_PARALLEL': 'RO', 'TBB_PARTITIONER': 'RO', 'DYNAMIC_QUANTIZATION_GROUP_SIZE': 'RO', 'KV_CACHE_PRECISION': 'RO', 'KEY_CACHE_PRECISION': 'RO', 'VALUE_CACHE_PRECISION': 'RO', 'KEY_CACHE_GROUP_SIZE': 'RO', 'VALUE_CACHE_GROUP_SIZE': 'RO', 'RUNTIME_REQUIREMENTS': 'RO'}
    TBB_PARTITIONER = TbbPartitioner.STATIC
    VALUE_CACHE_GROUP_SIZE = 0
    VALUE_CACHE_PRECISION = <Type: 'uint8_t'>
[inv] DYNAMIC_QUANTIZATION_GROUP_SIZE supported: True
[inv] top runtime op/exec types:
     2566  ExecutionNode
        6  Parameter
        3  Result
[P1] n_tok=39 warm_p50=0.1806s mean=0.1803s min=0.1707s cos_hostA=None
           11421.0 us  __module.lm_head/aten::linear/MatMul                                     brgemm_avx512_f32
            1390.0 us  __module.model.language_model.layers.29.mlp.down_proj/aten::linear/Mat   brgemm_avx512_f32
            1314.0 us  __module.model.language_model.layers.31.mlp.down_proj/aten::linear/Mat   brgemm_avx512_f32
            1306.0 us  __module.model.language_model.layers.32.mlp.up_proj/aten::linear/MatMu   brgemm_avx512_f32
            1292.0 us  __module.model.language_model.layers.25.mlp.gate_proj/aten::linear/Mat   brgemm_avx512_f32
            1266.0 us  __module.model.language_model.layers.28.mlp.up_proj/aten::linear/MatMu   brgemm_avx512_f32
            1256.0 us  __module.model.language_model.layers.12.mlp.up_proj/aten::linear/MatMu   brgemm_avx512_f32
            1229.0 us  __module.model.language_model.layers.7.mlp.down_proj/aten::linear/MatM   brgemm_avx512_f32
            1183.0 us  __module.model.language_model.layers.25.mlp.up_proj/aten::linear/MatMu   brgemm_avx512_f32
            1179.0 us  __module.model.language_model.layers.7.mlp.up_proj/aten::linear/MatMul   brgemm_avx512_f32
            1167.0 us  __module.model.language_model.layers.18.mlp.up_proj/aten::linear/MatMu   brgemm_avx512_f32
            1165.0 us  __module.model.language_model.layers.28.mlp.gate_proj/aten::linear/Mat   brgemm_avx512_f32
[P2] n_tok=81 warm_p50=0.4426s mean=0.4455s min=0.4369s cos_hostA=None
           25208.0 us  __module.lm_head/aten::linear/MatMul                                     brgemm_avx512_f32
            2155.0 us  __module.model.language_model.layers.19.mlp.gate_proj/aten::linear/Mat   brgemm_avx512_f32
        1991.9999999999998 us  __module.model.language_model.layers.30.mlp.gate_proj/aten::linear/Mat   brgemm_avx512_f32
        1988.9999999999998 us  __module.model.language_model.layers.20.mlp.down_proj/aten::linear/Mat   brgemm_avx512_f32
            1960.0 us  __module.model.language_model.layers.11.mlp.gate_proj/aten::linear/Mat   brgemm_avx512_f32
            1958.0 us  __module.model.language_model.layers.18.mlp.down_proj/aten::linear/Mat   brgemm_avx512_f32
        1955.9999999999998 us  __module.model.language_model.layers.28.mlp.up_proj/aten::linear/MatMu   brgemm_avx512_f32
            1932.0 us  __module.model.language_model.layers.25.mlp.up_proj/aten::linear/MatMu   brgemm_avx512_f32
            1912.0 us  __module.model.language_model.layers.15.mlp.down_proj/aten::linear/Mat   brgemm_avx512_f32
            1906.0 us  __module.model.language_model.layers.33.mlp.up_proj/aten::linear/MatMu   brgemm_avx512_f32
            1886.0 us  __module.model.language_model.layers.29.mlp.down_proj/aten::linear/Mat   brgemm_avx512_f32
            1875.0 us  __module.model.language_model.layers.13.mlp.down_proj/aten::linear/Mat   brgemm_avx512_f32
[P3] n_tok=185 warm_p50=0.9052s mean=0.9020s min=0.8727s cos_hostA=None
           35670.0 us  __module.lm_head/aten::linear/MatMul                                     brgemm_avx512_f32
            3264.0 us  __module.model.language_model.layers.9.mlp.gate_proj/aten::linear/MatM   brgemm_avx512_f32
            3253.0 us  __module.model.language_model.layers.23.mlp.gate_proj/aten::linear/Mat   brgemm_avx512_f32
            3250.0 us  __module.model.language_model.layers.18.mlp.down_proj/aten::linear/Mat   brgemm_avx512_f32
            3233.0 us  __module.model.language_model.layers.18.mlp.up_proj/aten::linear/MatMu   brgemm_avx512_f32
            3185.0 us  __module.model.language_model.layers.32.mlp.gate_proj/aten::linear/Mat   brgemm_avx512_f32
            3170.0 us  __module.model.language_model.layers.9.mlp.up_proj/aten::linear/MatMul   brgemm_avx512_f32
            3169.0 us  __module.model.language_model.layers.32.mlp.down_proj/aten::linear/Mat   brgemm_avx512_f32
            3130.0 us  __module.model.language_model.layers.4.mlp.down_proj/aten::linear/MatM   brgemm_avx512_f32
            3103.0 us  __module.model.language_model.layers.13.mlp.down_proj/aten::linear/Mat   brgemm_avx512_f32
            3088.0 us  __module.model.language_model.layers.28.mlp.down_proj/aten::linear/Mat   brgemm_avx512_f32
            3077.0 us  __module.model.language_model.layers.19.mlp.gate_proj/aten::linear/Mat   brgemm_avx512_f32
[saved] /workspace/qwen3vl-cpu-benchmark/results/openvino_isa/investigate_core_f32_p3.json  (rss 14.77 GiB)
