[transformers] PyTorch was not found. Models won't be available and only tokenizers, configuration and file/data utilities can be used.
[inv] openvino 2026.4.0-22959-99c81491cc3-releases/2026/4 devices=['CPU', 'GPU']
[inv] pre-norm node: __module.model.language_model.layers.35/aten::add/Add_1
[inv] read 0.100s compile 1.060s
[inv] supported_properties:
    CPU_DENORMALS_OPTIMIZATION = False
    CPU_SPARSE_WEIGHTS_DECOMPRESSION_RATE = 1.0
    DYNAMIC_QUANTIZATION_GROUP_SIZE = 32
    ENABLE_CPU_PINNING = True
    ENABLE_CPU_RESERVATION = False
    ENABLE_HYPER_THREADING = False
    ENABLE_TENSOR_PARALLEL = False
    EXECUTION_DEVICES = ['CPU']
    EXECUTION_MODE_HINT = ExecutionMode.PERFORMANCE
    INFERENCE_NUM_THREADS = 16
    INFERENCE_PRECISION_HINT = <Type: 'bfloat16'>
    KEY_CACHE_GROUP_SIZE = 0
    KEY_CACHE_PRECISION = <Type: 'uint8_t'>
    KV_CACHE_PRECISION = <Type: 'uint8_t'>
    LOG_LEVEL = Level.NO
    MODEL_DISTRIBUTION_POLICY = set()
    NETWORK_NAME = Model0
    NUM_STREAMS = 1
    OPTIMAL_NUMBER_OF_INFER_REQUESTS = 1
    PERFORMANCE_HINT = LATENCY
    PERFORMANCE_HINT_NUM_REQUESTS = 0
    PERF_COUNT = YES
    RUNTIME_REQUIREMENTS = meta=1.0;ov=2026.4.0;isa=Intel AVX-512 with Intel DL Boost and bfloat16 support
    SCHEDULING_CORE_TYPE = SchedulingCoreType.ANY_CORE
    SUPPORTED_PROPERTIES = {'SUPPORTED_PROPERTIES': 'RO', 'NETWORK_NAME': 'RO', 'OPTIMAL_NUMBER_OF_INFER_REQUESTS': 'RO', 'NUM_STREAMS': 'RO', 'INFERENCE_NUM_THREADS': 'RO', 'PERF_COUNT': 'RO', 'INFERENCE_PRECISION_HINT': 'RO', 'PERFORMANCE_HINT': 'RO', 'EXECUTION_MODE_HINT': 'RO', 'PERFORMANCE_HINT_NUM_REQUESTS': 'RO', 'ENABLE_CPU_PINNING': 'RO', 'ENABLE_CPU_RESERVATION': 'RO', 'SCHEDULING_CORE_TYPE': 'RO', 'MODEL_DISTRIBUTION_POLICY': 'RO', 'ENABLE_HYPER_THREADING': 'RO', 'EXECUTION_DEVICES': 'RO', 'CPU_DENORMALS_OPTIMIZATION': 'RO', 'LOG_LEVEL': 'RO', 'CPU_SPARSE_WEIGHTS_DECOMPRESSION_RATE': 'RO', 'ENABLE_TENSOR_PARALLEL': 'RO', 'TBB_PARTITIONER': 'RO', 'DYNAMIC_QUANTIZATION_GROUP_SIZE': 'RO', 'KV_CACHE_PRECISION': 'RO', 'KEY_CACHE_PRECISION': 'RO', 'VALUE_CACHE_PRECISION': 'RO', 'KEY_CACHE_GROUP_SIZE': 'RO', 'VALUE_CACHE_GROUP_SIZE': 'RO', 'RUNTIME_REQUIREMENTS': 'RO'}
    TBB_PARTITIONER = TbbPartitioner.STATIC
    VALUE_CACHE_GROUP_SIZE = 0
    VALUE_CACHE_PRECISION = <Type: 'uint8_t'>
[inv] DYNAMIC_QUANTIZATION_GROUP_SIZE supported: True
[inv] top runtime op/exec types:
     2712  ExecutionNode
        6  Parameter
        3  Result
[P1] n_tok=39 warm_p50=0.1997s mean=0.1988s min=0.1945s cos_hostA=None
           12422.0 us  __module.lm_head/aten::linear/MatMul                                     brgemm_avx512_bf16
            1919.0 us  __module.model.language_model.layers.24.mlp.up_proj/aten::linear/MatMu   brgemm_avx512_bf16
            1729.0 us  __module.model.language_model.layers.5.mlp.down_proj/aten::linear/MatM   brgemm_avx512_bf16
            1641.0 us  __module.model.language_model.layers.24.mlp.down_proj/aten::linear/Mat   brgemm_avx512_bf16
            1637.0 us  __module.model.language_model.layers.25.mlp.gate_proj/aten::linear/Mat   brgemm_avx512_bf16
            1579.0 us  __module.model.language_model.layers.3.mlp.up_proj/aten::linear/MatMul   brgemm_avx512_bf16
            1542.0 us  __module.model.language_model.layers.25.mlp.up_proj/aten::linear/MatMu   brgemm_avx512_bf16
            1513.0 us  __module.model.language_model.layers.24.mlp.gate_proj/aten::linear/Mat   brgemm_avx512_bf16
            1499.0 us  __module.model.language_model.layers.20.mlp.down_proj/aten::linear/Mat   brgemm_avx512_bf16
            1487.0 us  __module.model.language_model.layers.32.mlp.gate_proj/aten::linear/Mat   brgemm_avx512_bf16
            1486.0 us  __module.model.language_model.layers.4.mlp.down_proj/aten::linear/MatM   brgemm_avx512_bf16
            1468.0 us  __module.model.language_model.layers.11.mlp.down_proj/aten::linear/Mat   brgemm_avx512_bf16
[P2] n_tok=81 warm_p50=0.4491s mean=0.4525s min=0.4351s cos_hostA=None
           27257.0 us  __module.lm_head/aten::linear/MatMul                                     brgemm_avx512_bf16
            2493.0 us  __module.model.language_model.layers.20.mlp.down_proj/aten::linear/Mat   brgemm_avx512_bf16
            2387.0 us  __module.model.language_model.layers.32.mlp.gate_proj/aten::linear/Mat   brgemm_avx512_bf16
            2338.0 us  __module.model.language_model.layers.24.mlp.down_proj/aten::linear/Mat   brgemm_avx512_bf16
            2172.0 us  __module.model.language_model.layers.30.mlp.up_proj/aten::linear/MatMu   brgemm_avx512_bf16
            2166.0 us  __module.model.language_model.layers.11.mlp.down_proj/aten::linear/Mat   brgemm_avx512_bf16
            2144.0 us  __module.model.language_model.layers.24.mlp.up_proj/aten::linear/MatMu   brgemm_avx512_bf16
            2135.0 us  __module.model.language_model.layers.25.mlp.gate_proj/aten::linear/Mat   brgemm_avx512_bf16
            2123.0 us  __module.model.language_model.layers.33.mlp.down_proj/aten::linear/Mat   brgemm_avx512_bf16
            2120.0 us  __module.model.language_model.layers.30.mlp.gate_proj/aten::linear/Mat   brgemm_avx512_bf16
            2114.0 us  __module.model.language_model.layers.31.mlp.down_proj/aten::linear/Mat   brgemm_avx512_bf16
            2105.0 us  __module.model.language_model.layers.25.mlp.up_proj/aten::linear/MatMu   brgemm_avx512_bf16
[P3] n_tok=185 warm_p50=0.9456s mean=0.9526s min=0.9185s cos_hostA=None
           39640.0 us  __module.lm_head/aten::linear/MatMul                                     brgemm_avx512_bf16
            3597.0 us  __module.model.language_model.layers.32.mlp.gate_proj/aten::linear/Mat   brgemm_avx512_bf16
            3527.0 us  __module.model.language_model.layers.20.mlp.down_proj/aten::linear/Mat   brgemm_avx512_bf16
            3497.0 us  __module.model.language_model.layers.14.mlp.gate_proj/aten::linear/Mat   brgemm_avx512_bf16
            3470.0 us  __module.model.language_model.layers.33.mlp.down_proj/aten::linear/Mat   brgemm_avx512_bf16
            3466.0 us  __module.model.language_model.layers.24.mlp.down_proj/aten::linear/Mat   brgemm_avx512_bf16
            3391.0 us  __module.model.language_model.layers.31.mlp.down_proj/aten::linear/Mat   brgemm_avx512_bf16
            3377.0 us  __module.model.language_model.layers.25.mlp.gate_proj/aten::linear/Mat   brgemm_avx512_bf16
            3304.0 us  __module.model.language_model.layers.20.mlp.gate_proj/aten::linear/Mat   brgemm_avx512_bf16
            3281.0 us  __module.model.language_model.layers.5.mlp.down_proj/aten::linear/MatM   brgemm_avx512_bf16
            3265.0 us  __module.model.language_model.layers.18.mlp.down_proj/aten::linear/Mat   brgemm_avx512_bf16
            3255.0 us  __module.model.language_model.layers.28.mlp.gate_proj/aten::linear/Mat   brgemm_avx512_bf16
[saved] /workspace/qwen3vl-cpu-benchmark/results/openvino_isa/investigate_default_p2.json  (rss 14.77 GiB)
