[transformers] PyTorch was not found. Models won't be available and only tokenizers, configuration and file/data utilities can be used.
[inv] openvino 2026.4.0-22959-99c81491cc3-releases/2026/4 devices=['CPU', 'GPU']
[inv] pre-norm node: __module.model.language_model.layers.35/aten::add/Add_1
[inv] read 0.099s compile 1.067s
[inv] supported_properties:
    CPU_DENORMALS_OPTIMIZATION = False
    CPU_SPARSE_WEIGHTS_DECOMPRESSION_RATE = 1.0
    DYNAMIC_QUANTIZATION_GROUP_SIZE = 32
    ENABLE_CPU_PINNING = True
    ENABLE_CPU_RESERVATION = False
    ENABLE_HYPER_THREADING = False
    ENABLE_TENSOR_PARALLEL = False
    EXECUTION_DEVICES = ['CPU']
    EXECUTION_MODE_HINT = ExecutionMode.PERFORMANCE
    INFERENCE_NUM_THREADS = 16
    INFERENCE_PRECISION_HINT = <Type: 'bfloat16'>
    KEY_CACHE_GROUP_SIZE = 0
    KEY_CACHE_PRECISION = <Type: 'uint8_t'>
    KV_CACHE_PRECISION = <Type: 'uint8_t'>
    LOG_LEVEL = Level.NO
    MODEL_DISTRIBUTION_POLICY = set()
    NETWORK_NAME = Model0
    NUM_STREAMS = 1
    OPTIMAL_NUMBER_OF_INFER_REQUESTS = 1
    PERFORMANCE_HINT = LATENCY
    PERFORMANCE_HINT_NUM_REQUESTS = 0
    PERF_COUNT = YES
    RUNTIME_REQUIREMENTS = meta=1.0;ov=2026.4.0;isa=Intel AVX-512 with Intel DL Boost and bfloat16 support
    SCHEDULING_CORE_TYPE = SchedulingCoreType.ANY_CORE
    SUPPORTED_PROPERTIES = {'SUPPORTED_PROPERTIES': 'RO', 'NETWORK_NAME': 'RO', 'OPTIMAL_NUMBER_OF_INFER_REQUESTS': 'RO', 'NUM_STREAMS': 'RO', 'INFERENCE_NUM_THREADS': 'RO', 'PERF_COUNT': 'RO', 'INFERENCE_PRECISION_HINT': 'RO', 'PERFORMANCE_HINT': 'RO', 'EXECUTION_MODE_HINT': 'RO', 'PERFORMANCE_HINT_NUM_REQUESTS': 'RO', 'ENABLE_CPU_PINNING': 'RO', 'ENABLE_CPU_RESERVATION': 'RO', 'SCHEDULING_CORE_TYPE': 'RO', 'MODEL_DISTRIBUTION_POLICY': 'RO', 'ENABLE_HYPER_THREADING': 'RO', 'EXECUTION_DEVICES': 'RO', 'CPU_DENORMALS_OPTIMIZATION': 'RO', 'LOG_LEVEL': 'RO', 'CPU_SPARSE_WEIGHTS_DECOMPRESSION_RATE': 'RO', 'ENABLE_TENSOR_PARALLEL': 'RO', 'TBB_PARTITIONER': 'RO', 'DYNAMIC_QUANTIZATION_GROUP_SIZE': 'RO', 'KV_CACHE_PRECISION': 'RO', 'KEY_CACHE_PRECISION': 'RO', 'VALUE_CACHE_PRECISION': 'RO', 'KEY_CACHE_GROUP_SIZE': 'RO', 'VALUE_CACHE_GROUP_SIZE': 'RO', 'RUNTIME_REQUIREMENTS': 'RO'}
    TBB_PARTITIONER = TbbPartitioner.STATIC
    VALUE_CACHE_GROUP_SIZE = 0
    VALUE_CACHE_PRECISION = <Type: 'uint8_t'>
[inv] DYNAMIC_QUANTIZATION_GROUP_SIZE supported: True
[inv] top runtime op/exec types:
     2712  ExecutionNode
        6  Parameter
        3  Result
[P1] n_tok=39 warm_p50=0.1926s mean=0.1920s min=0.1865s cos_hostA=None
           12715.0 us  __module.lm_head/aten::linear/MatMul                                     brgemm_avx512_bf16
            1443.0 us  __module.model.language_model.layers.35.mlp.down_proj/aten::linear/Mat   brgemm_avx512_bf16
            1412.0 us  __module.model.language_model.layers.13.mlp.down_proj/aten::linear/Mat   brgemm_avx512_bf16
            1376.0 us  __module.model.language_model.layers.23.mlp.gate_proj/aten::linear/Mat   brgemm_avx512_bf16
            1362.0 us  __module.model.language_model.layers.34.mlp.up_proj/aten::linear/MatMu   brgemm_avx512_bf16
            1337.0 us  __module.model.language_model.layers.5.mlp.down_proj/aten::linear/MatM   brgemm_avx512_bf16
            1330.0 us  __module.model.language_model.layers.19.mlp.gate_proj/aten::linear/Mat   brgemm_avx512_bf16
            1324.0 us  __module.model.language_model.layers.15.mlp.up_proj/aten::linear/MatMu   brgemm_avx512_bf16
            1321.0 us  __module.model.language_model.layers.23.mlp.down_proj/aten::linear/Mat   brgemm_avx512_bf16
            1319.0 us  __module.model.language_model.layers.4.mlp.gate_proj/aten::linear/MatM   brgemm_avx512_bf16
            1311.0 us  __module.model.language_model.layers.31.mlp.down_proj/aten::linear/Mat   brgemm_avx512_bf16
            1299.0 us  __module.model.language_model.layers.25.mlp.up_proj/aten::linear/MatMu   brgemm_avx512_bf16
[P2] n_tok=81 warm_p50=0.4398s mean=0.4374s min=0.4272s cos_hostA=None
           26882.0 us  __module.lm_head/aten::linear/MatMul                                     brgemm_avx512_bf16
            2130.0 us  __module.model.language_model.layers.23.mlp.down_proj/aten::linear/Mat   brgemm_avx512_bf16
            2093.0 us  __module.model.language_model.layers.31.mlp.gate_proj/aten::linear/Mat   brgemm_avx512_bf16
            2078.0 us  __module.model.language_model.layers.25.mlp.up_proj/aten::linear/MatMu   brgemm_avx512_bf16
            2065.0 us  __module.model.language_model.layers.18.mlp.down_proj/aten::linear/Mat   brgemm_avx512_bf16
            2051.0 us  __module.model.language_model.layers.31.mlp.down_proj/aten::linear/Mat   brgemm_avx512_bf16
            2049.0 us  __module.model.language_model.layers.14.mlp.up_proj/aten::linear/MatMu   brgemm_avx512_bf16
        2040.0000000000002 us  __module.model.language_model.layers.28.mlp.up_proj/aten::linear/MatMu   brgemm_avx512_bf16
            2007.0 us  __module.model.language_model.layers.10.mlp.down_proj/aten::linear/Mat   brgemm_avx512_bf16
            1976.0 us  __module.model.language_model.layers.22.mlp.gate_proj/aten::linear/Mat   brgemm_avx512_bf16
            1974.0 us  __module.model.language_model.layers.12.mlp.up_proj/aten::linear/MatMu   brgemm_avx512_bf16
            1971.0 us  __module.model.language_model.layers.28.mlp.gate_proj/aten::linear/Mat   brgemm_avx512_bf16
[P3] n_tok=185 warm_p50=0.9344s mean=0.9346s min=0.9172s cos_hostA=None
           38507.0 us  __module.lm_head/aten::linear/MatMul                                     brgemm_avx512_bf16
            3410.0 us  __module.model.language_model.layers.31.mlp.gate_proj/aten::linear/Mat   brgemm_avx512_bf16
            3349.0 us  __module.model.language_model.layers.18.mlp.down_proj/aten::linear/Mat   brgemm_avx512_bf16
            3344.0 us  __module.model.language_model.layers.22.mlp.gate_proj/aten::linear/Mat   brgemm_avx512_bf16
            3283.0 us  __module.model.language_model.layers.8.mlp.down_proj/aten::linear/MatM   brgemm_avx512_bf16
            3247.0 us  __module.model.language_model.layers.4.mlp.gate_proj/aten::linear/MatM   brgemm_avx512_bf16
            3198.0 us  __module.model.language_model.layers.5.mlp.gate_proj/aten::linear/MatM   brgemm_avx512_bf16
            3186.0 us  __module.model.language_model.layers.23.mlp.down_proj/aten::linear/Mat   brgemm_avx512_bf16
            3181.0 us  __module.model.language_model.layers.23.mlp.gate_proj/aten::linear/Mat   brgemm_avx512_bf16
            3168.0 us  __module.model.language_model.layers.24.mlp.down_proj/aten::linear/Mat   brgemm_avx512_bf16
            3163.0 us  __module.model.language_model.layers.11.mlp.gate_proj/aten::linear/Mat   brgemm_avx512_bf16
            3162.0 us  __module.model.language_model.layers.32.mlp.gate_proj/aten::linear/Mat   brgemm_avx512_bf16
[saved] /workspace/qwen3vl-cpu-benchmark/results/openvino_isa/investigate_default_p3.json  (rss 14.78 GiB)
