[transformers] PyTorch was not found. Models won't be available and only tokenizers, configuration and file/data utilities can be used.
[inv] openvino 2026.4.0-22959-99c81491cc3-releases/2026/4 devices=['CPU', 'GPU']
[inv] pre-norm node: __module.model.language_model.layers.35/aten::add/Add_1
[inv] read 0.100s compile 1.065s
[inv] supported_properties:
    CPU_DENORMALS_OPTIMIZATION = False
    CPU_SPARSE_WEIGHTS_DECOMPRESSION_RATE = 1.0
    DYNAMIC_QUANTIZATION_GROUP_SIZE = 0
    ENABLE_CPU_PINNING = True
    ENABLE_CPU_RESERVATION = False
    ENABLE_HYPER_THREADING = False
    ENABLE_TENSOR_PARALLEL = False
    EXECUTION_DEVICES = ['CPU']
    EXECUTION_MODE_HINT = ExecutionMode.PERFORMANCE
    INFERENCE_NUM_THREADS = 16
    INFERENCE_PRECISION_HINT = <Type: 'bfloat16'>
    KEY_CACHE_GROUP_SIZE = 0
    KEY_CACHE_PRECISION = <Type: 'uint8_t'>
    KV_CACHE_PRECISION = <Type: 'uint8_t'>
    LOG_LEVEL = Level.NO
    MODEL_DISTRIBUTION_POLICY = set()
    NETWORK_NAME = Model0
    NUM_STREAMS = 1
    OPTIMAL_NUMBER_OF_INFER_REQUESTS = 1
    PERFORMANCE_HINT = LATENCY
    PERFORMANCE_HINT_NUM_REQUESTS = 0
    PERF_COUNT = YES
    RUNTIME_REQUIREMENTS = meta=1.0;ov=2026.4.0;isa=Intel AVX-512 with Intel DL Boost and bfloat16 support
    SCHEDULING_CORE_TYPE = SchedulingCoreType.ANY_CORE
    SUPPORTED_PROPERTIES = {'SUPPORTED_PROPERTIES': 'RO', 'NETWORK_NAME': 'RO', 'OPTIMAL_NUMBER_OF_INFER_REQUESTS': 'RO', 'NUM_STREAMS': 'RO', 'INFERENCE_NUM_THREADS': 'RO', 'PERF_COUNT': 'RO', 'INFERENCE_PRECISION_HINT': 'RO', 'PERFORMANCE_HINT': 'RO', 'EXECUTION_MODE_HINT': 'RO', 'PERFORMANCE_HINT_NUM_REQUESTS': 'RO', 'ENABLE_CPU_PINNING': 'RO', 'ENABLE_CPU_RESERVATION': 'RO', 'SCHEDULING_CORE_TYPE': 'RO', 'MODEL_DISTRIBUTION_POLICY': 'RO', 'ENABLE_HYPER_THREADING': 'RO', 'EXECUTION_DEVICES': 'RO', 'CPU_DENORMALS_OPTIMIZATION': 'RO', 'LOG_LEVEL': 'RO', 'CPU_SPARSE_WEIGHTS_DECOMPRESSION_RATE': 'RO', 'ENABLE_TENSOR_PARALLEL': 'RO', 'TBB_PARTITIONER': 'RO', 'DYNAMIC_QUANTIZATION_GROUP_SIZE': 'RO', 'KV_CACHE_PRECISION': 'RO', 'KEY_CACHE_PRECISION': 'RO', 'VALUE_CACHE_PRECISION': 'RO', 'KEY_CACHE_GROUP_SIZE': 'RO', 'VALUE_CACHE_GROUP_SIZE': 'RO', 'RUNTIME_REQUIREMENTS': 'RO'}
    TBB_PARTITIONER = TbbPartitioner.STATIC
    VALUE_CACHE_GROUP_SIZE = 0
    VALUE_CACHE_PRECISION = <Type: 'uint8_t'>
[inv] DYNAMIC_QUANTIZATION_GROUP_SIZE supported: True
[inv] top runtime op/exec types:
     2712  ExecutionNode
        6  Parameter
        3  Result
[P1] n_tok=39 warm_p50=0.2639s mean=0.2634s min=0.2557s cos_hostA=None
           19203.0 us  __module.lm_head/aten::linear/MatMul                                     brgemm_avx512_bf16
            2094.0 us  __module.model.language_model.layers.20.mlp.gate_proj/aten::linear/Mat   brgemm_avx512_bf16
        2027.9999999999998 us  __module.model.language_model.layers.29.mlp.down_proj/aten::linear/Mat   brgemm_avx512_bf16
        2004.0000000000002 us  __module.model.language_model.layers.1.mlp.down_proj/aten::linear/MatM   brgemm_avx512_bf16
            2003.0 us  __module.model.language_model.layers.15.mlp.down_proj/aten::linear/Mat   brgemm_avx512_bf16
            1996.0 us  __module.model.language_model.layers.31.mlp.down_proj/aten::linear/Mat   brgemm_avx512_bf16
            1993.0 us  __module.model.language_model.layers.31.mlp.gate_proj/aten::linear/Mat   brgemm_avx512_bf16
        1984.9999999999998 us  __module.model.language_model.layers.34.mlp.down_proj/aten::linear/Mat   brgemm_avx512_bf16
            1950.0 us  __module.model.language_model.layers.8.mlp.up_proj/aten::linear/MatMul   brgemm_avx512_bf16
            1922.0 us  __module.model.language_model.layers.35.mlp.down_proj/aten::linear/Mat   brgemm_avx512_bf16
            1910.0 us  __module.model.language_model.layers.16.mlp.down_proj/aten::linear/Mat   brgemm_avx512_bf16
            1885.0 us  __module.model.language_model.layers.21.mlp.up_proj/aten::linear/MatMu   brgemm_avx512_bf16
[P2] n_tok=81 warm_p50=0.6518s mean=0.6500s min=0.6359s cos_hostA=None
           36550.0 us  __module.lm_head/aten::linear/MatMul                                     brgemm_avx512_bf16
            3214.0 us  __module.model.language_model.layers.27.mlp.gate_proj/aten::linear/Mat   brgemm_avx512_bf16
            3212.0 us  __module.model.language_model.layers.30.mlp.up_proj/aten::linear/MatMu   brgemm_avx512_bf16
            3182.0 us  __module.model.language_model.layers.33.mlp.up_proj/aten::linear/MatMu   brgemm_avx512_bf16
            3084.0 us  __module.model.language_model.layers.25.mlp.gate_proj/aten::linear/Mat   brgemm_avx512_bf16
            3048.0 us  __module.model.language_model.layers.31.mlp.down_proj/aten::linear/Mat   brgemm_avx512_bf16
            2996.0 us  __module.model.language_model.layers.31.mlp.up_proj/aten::linear/MatMu   brgemm_avx512_bf16
            2989.0 us  __module.model.language_model.layers.16.mlp.gate_proj/aten::linear/Mat   brgemm_avx512_bf16
            2989.0 us  __module.model.language_model.layers.26.mlp.gate_proj/aten::linear/Mat   brgemm_avx512_bf16
            2960.0 us  __module.model.language_model.layers.34.mlp.down_proj/aten::linear/Mat   brgemm_avx512_bf16
            2934.0 us  __module.model.language_model.layers.20.mlp.gate_proj/aten::linear/Mat   brgemm_avx512_bf16
            2931.0 us  __module.model.language_model.layers.12.mlp.gate_proj/aten::linear/Mat   brgemm_avx512_bf16
[P3] n_tok=185 warm_p50=1.2696s mean=1.2702s min=1.2458s cos_hostA=None
           51008.0 us  __module.lm_head/aten::linear/MatMul                                     brgemm_avx512_bf16
            4820.0 us  __module.model.language_model.layers.33.mlp.up_proj/aten::linear/MatMu   brgemm_avx512_bf16
            4749.0 us  __module.model.language_model.layers.27.mlp.gate_proj/aten::linear/Mat   brgemm_avx512_bf16
            4748.0 us  __module.model.language_model.layers.25.mlp.gate_proj/aten::linear/Mat   brgemm_avx512_bf16
            4721.0 us  __module.model.language_model.layers.8.mlp.gate_proj/aten::linear/MatM   brgemm_avx512_bf16
            4710.0 us  __module.model.language_model.layers.14.mlp.up_proj/aten::linear/MatMu   brgemm_avx512_bf16
            4699.0 us  __module.model.language_model.layers.30.mlp.up_proj/aten::linear/MatMu   brgemm_avx512_bf16
            4688.0 us  __module.model.language_model.layers.24.mlp.gate_proj/aten::linear/Mat   brgemm_avx512_bf16
            4675.0 us  __module.model.language_model.layers.11.mlp.gate_proj/aten::linear/Mat   brgemm_avx512_bf16
            4648.0 us  __module.model.language_model.layers.23.mlp.gate_proj/aten::linear/Mat   brgemm_avx512_bf16
            4627.0 us  __module.model.language_model.layers.16.mlp.gate_proj/aten::linear/Mat   brgemm_avx512_bf16
            4621.0 us  __module.model.language_model.layers.21.mlp.gate_proj/aten::linear/Mat   brgemm_avx512_bf16
[saved] /workspace/qwen3vl-cpu-benchmark/results/openvino_isa/investigate_dq0_p1.json  (rss 14.78 GiB)
