[transformers] PyTorch was not found. Models won't be available and only tokenizers, configuration and file/data utilities can be used.
[inv] openvino 2026.4.0-22959-99c81491cc3-releases/2026/4 devices=['CPU', 'GPU']
[inv] pre-norm node: __module.model.language_model.layers.35/aten::add/Add_1
[inv] read 0.101s compile 1.063s
[inv] supported_properties:
    CPU_DENORMALS_OPTIMIZATION = False
    CPU_SPARSE_WEIGHTS_DECOMPRESSION_RATE = 1.0
    DYNAMIC_QUANTIZATION_GROUP_SIZE = 0
    ENABLE_CPU_PINNING = True
    ENABLE_CPU_RESERVATION = False
    ENABLE_HYPER_THREADING = False
    ENABLE_TENSOR_PARALLEL = False
    EXECUTION_DEVICES = ['CPU']
    EXECUTION_MODE_HINT = ExecutionMode.PERFORMANCE
    INFERENCE_NUM_THREADS = 16
    INFERENCE_PRECISION_HINT = <Type: 'bfloat16'>
    KEY_CACHE_GROUP_SIZE = 0
    KEY_CACHE_PRECISION = <Type: 'uint8_t'>
    KV_CACHE_PRECISION = <Type: 'uint8_t'>
    LOG_LEVEL = Level.NO
    MODEL_DISTRIBUTION_POLICY = set()
    NETWORK_NAME = Model0
    NUM_STREAMS = 1
    OPTIMAL_NUMBER_OF_INFER_REQUESTS = 1
    PERFORMANCE_HINT = LATENCY
    PERFORMANCE_HINT_NUM_REQUESTS = 0
    PERF_COUNT = YES
    RUNTIME_REQUIREMENTS = meta=1.0;ov=2026.4.0;isa=Intel AVX-512 with Intel DL Boost and bfloat16 support
    SCHEDULING_CORE_TYPE = SchedulingCoreType.ANY_CORE
    SUPPORTED_PROPERTIES = {'SUPPORTED_PROPERTIES': 'RO', 'NETWORK_NAME': 'RO', 'OPTIMAL_NUMBER_OF_INFER_REQUESTS': 'RO', 'NUM_STREAMS': 'RO', 'INFERENCE_NUM_THREADS': 'RO', 'PERF_COUNT': 'RO', 'INFERENCE_PRECISION_HINT': 'RO', 'PERFORMANCE_HINT': 'RO', 'EXECUTION_MODE_HINT': 'RO', 'PERFORMANCE_HINT_NUM_REQUESTS': 'RO', 'ENABLE_CPU_PINNING': 'RO', 'ENABLE_CPU_RESERVATION': 'RO', 'SCHEDULING_CORE_TYPE': 'RO', 'MODEL_DISTRIBUTION_POLICY': 'RO', 'ENABLE_HYPER_THREADING': 'RO', 'EXECUTION_DEVICES': 'RO', 'CPU_DENORMALS_OPTIMIZATION': 'RO', 'LOG_LEVEL': 'RO', 'CPU_SPARSE_WEIGHTS_DECOMPRESSION_RATE': 'RO', 'ENABLE_TENSOR_PARALLEL': 'RO', 'TBB_PARTITIONER': 'RO', 'DYNAMIC_QUANTIZATION_GROUP_SIZE': 'RO', 'KV_CACHE_PRECISION': 'RO', 'KEY_CACHE_PRECISION': 'RO', 'VALUE_CACHE_PRECISION': 'RO', 'KEY_CACHE_GROUP_SIZE': 'RO', 'VALUE_CACHE_GROUP_SIZE': 'RO', 'RUNTIME_REQUIREMENTS': 'RO'}
    TBB_PARTITIONER = TbbPartitioner.STATIC
    VALUE_CACHE_GROUP_SIZE = 0
    VALUE_CACHE_PRECISION = <Type: 'uint8_t'>
[inv] DYNAMIC_QUANTIZATION_GROUP_SIZE supported: True
[inv] top runtime op/exec types:
     2712  ExecutionNode
        6  Parameter
        3  Result
[P1] n_tok=39 warm_p50=0.2570s mean=0.2570s min=0.2488s cos_hostA=None
           18784.0 us  __module.lm_head/aten::linear/MatMul                                     brgemm_avx512_bf16
            2054.0 us  __module.model.language_model.layers.33.mlp.down_proj/aten::linear/Mat   brgemm_avx512_bf16
            2032.0 us  __module.model.language_model.layers.14.mlp.down_proj/aten::linear/Mat   brgemm_avx512_bf16
            1970.0 us  __module.model.language_model.layers.25.mlp.gate_proj/aten::linear/Mat   brgemm_avx512_bf16
            1960.0 us  __module.model.language_model.layers.23.mlp.up_proj/aten::linear/MatMu   brgemm_avx512_bf16
        1955.9999999999998 us  __module.model.language_model.layers.16.mlp.down_proj/aten::linear/Mat   brgemm_avx512_bf16
            1949.0 us  __module.model.language_model.layers.22.mlp.up_proj/aten::linear/MatMu   brgemm_avx512_bf16
            1851.0 us  __module.model.language_model.layers.33.mlp.gate_proj/aten::linear/Mat   brgemm_avx512_bf16
            1842.0 us  __module.model.language_model.layers.17.mlp.down_proj/aten::linear/Mat   brgemm_avx512_bf16
            1841.0 us  __module.model.language_model.layers.7.mlp.gate_proj/aten::linear/MatM   brgemm_avx512_bf16
            1832.0 us  __module.model.language_model.layers.17.mlp.up_proj/aten::linear/MatMu   brgemm_avx512_bf16
            1832.0 us  __module.model.language_model.layers.23.mlp.down_proj/aten::linear/Mat   brgemm_avx512_bf16
[P2] n_tok=81 warm_p50=0.6365s mean=0.6364s min=0.6296s cos_hostA=None
           35889.0 us  __module.lm_head/aten::linear/MatMul                                     brgemm_avx512_bf16
            3472.0 us  __module.model.language_model.layers.7.mlp.gate_proj/aten::linear/MatM   brgemm_avx512_bf16
            3133.0 us  __module.model.language_model.layers.13.mlp.gate_proj/aten::linear/Mat   brgemm_avx512_bf16
            3122.0 us  __module.model.language_model.layers.19.mlp.down_proj/aten::linear/Mat   brgemm_avx512_bf16
            3122.0 us  __module.model.language_model.layers.32.mlp.gate_proj/aten::linear/Mat   brgemm_avx512_bf16
            3045.0 us  __module.model.language_model.layers.22.mlp.up_proj/aten::linear/MatMu   brgemm_avx512_bf16
            3037.0 us  __module.model.language_model.layers.20.mlp.gate_proj/aten::linear/Mat   brgemm_avx512_bf16
            3034.0 us  __module.model.language_model.layers.14.mlp.down_proj/aten::linear/Mat   brgemm_avx512_bf16
            2938.0 us  __module.model.language_model.layers.17.mlp.up_proj/aten::linear/MatMu   brgemm_avx512_bf16
            2937.0 us  __module.model.language_model.layers.33.mlp.gate_proj/aten::linear/Mat   brgemm_avx512_bf16
            2913.0 us  __module.model.language_model.layers.25.mlp.up_proj/aten::linear/MatMu   brgemm_avx512_bf16
            2858.0 us  __module.model.language_model.layers.34.mlp.gate_proj/aten::linear/Mat   brgemm_avx512_bf16
[P3] n_tok=185 warm_p50=1.3138s mean=1.3139s min=1.3051s cos_hostA=None
           51230.0 us  __module.lm_head/aten::linear/MatMul                                     brgemm_avx512_bf16
            4945.0 us  __module.model.language_model.layers.7.mlp.gate_proj/aten::linear/MatM   brgemm_avx512_bf16
            4799.0 us  __module.model.language_model.layers.19.mlp.down_proj/aten::linear/Mat   brgemm_avx512_bf16
            4766.0 us  __module.model.language_model.layers.20.mlp.gate_proj/aten::linear/Mat   brgemm_avx512_bf16
            4757.0 us  __module.model.language_model.layers.32.mlp.gate_proj/aten::linear/Mat   brgemm_avx512_bf16
            4692.0 us  __module.model.language_model.layers.22.mlp.up_proj/aten::linear/MatMu   brgemm_avx512_bf16
            4691.0 us  __module.model.language_model.layers.6.mlp.down_proj/aten::linear/MatM   brgemm_avx512_bf16
            4688.0 us  __module.model.language_model.layers.13.mlp.gate_proj/aten::linear/Mat   brgemm_avx512_bf16
            4663.0 us  __module.model.language_model.layers.31.mlp.gate_proj/aten::linear/Mat   brgemm_avx512_bf16
            4661.0 us  __module.model.language_model.layers.12.mlp.down_proj/aten::linear/Mat   brgemm_avx512_bf16
            4636.0 us  __module.model.language_model.layers.16.mlp.down_proj/aten::linear/Mat   brgemm_avx512_bf16
            4633.0 us  __module.model.language_model.layers.23.mlp.gate_proj/aten::linear/Mat   brgemm_avx512_bf16
[saved] /workspace/qwen3vl-cpu-benchmark/results/openvino_isa/investigate_dq0_p3.json  (rss 14.78 GiB)
