[transformers] PyTorch was not found. Models won't be available and only tokenizers, configuration and file/data utilities can be used.
[inv] openvino 2026.4.0-22959-99c81491cc3-releases/2026/4 devices=['CPU', 'GPU']
[inv] pre-norm node: __module.model.language_model.layers.35/aten::add/Add_1
[inv] read 0.099s compile 1.066s
[inv] supported_properties:
    CPU_DENORMALS_OPTIMIZATION = False
    CPU_SPARSE_WEIGHTS_DECOMPRESSION_RATE = 1.0
    DYNAMIC_QUANTIZATION_GROUP_SIZE = 0
    ENABLE_CPU_PINNING = True
    ENABLE_CPU_RESERVATION = False
    ENABLE_HYPER_THREADING = False
    ENABLE_TENSOR_PARALLEL = False
    EXECUTION_DEVICES = ['CPU']
    EXECUTION_MODE_HINT = ExecutionMode.PERFORMANCE
    INFERENCE_NUM_THREADS = 16
    INFERENCE_PRECISION_HINT = <Type: 'bfloat16'>
    KEY_CACHE_GROUP_SIZE = 0
    KEY_CACHE_PRECISION = <Type: 'uint8_t'>
    KV_CACHE_PRECISION = <Type: 'uint8_t'>
    LOG_LEVEL = Level.NO
    MODEL_DISTRIBUTION_POLICY = set()
    NETWORK_NAME = Model0
    NUM_STREAMS = 1
    OPTIMAL_NUMBER_OF_INFER_REQUESTS = 1
    PERFORMANCE_HINT = LATENCY
    PERFORMANCE_HINT_NUM_REQUESTS = 0
    PERF_COUNT = YES
    RUNTIME_REQUIREMENTS = meta=1.0;ov=2026.4.0;isa=Intel AVX-512 with Intel DL Boost and bfloat16 support
    SCHEDULING_CORE_TYPE = SchedulingCoreType.ANY_CORE
    SUPPORTED_PROPERTIES = {'SUPPORTED_PROPERTIES': 'RO', 'NETWORK_NAME': 'RO', 'OPTIMAL_NUMBER_OF_INFER_REQUESTS': 'RO', 'NUM_STREAMS': 'RO', 'INFERENCE_NUM_THREADS': 'RO', 'PERF_COUNT': 'RO', 'INFERENCE_PRECISION_HINT': 'RO', 'PERFORMANCE_HINT': 'RO', 'EXECUTION_MODE_HINT': 'RO', 'PERFORMANCE_HINT_NUM_REQUESTS': 'RO', 'ENABLE_CPU_PINNING': 'RO', 'ENABLE_CPU_RESERVATION': 'RO', 'SCHEDULING_CORE_TYPE': 'RO', 'MODEL_DISTRIBUTION_POLICY': 'RO', 'ENABLE_HYPER_THREADING': 'RO', 'EXECUTION_DEVICES': 'RO', 'CPU_DENORMALS_OPTIMIZATION': 'RO', 'LOG_LEVEL': 'RO', 'CPU_SPARSE_WEIGHTS_DECOMPRESSION_RATE': 'RO', 'ENABLE_TENSOR_PARALLEL': 'RO', 'TBB_PARTITIONER': 'RO', 'DYNAMIC_QUANTIZATION_GROUP_SIZE': 'RO', 'KV_CACHE_PRECISION': 'RO', 'KEY_CACHE_PRECISION': 'RO', 'VALUE_CACHE_PRECISION': 'RO', 'KEY_CACHE_GROUP_SIZE': 'RO', 'VALUE_CACHE_GROUP_SIZE': 'RO', 'RUNTIME_REQUIREMENTS': 'RO'}
    TBB_PARTITIONER = TbbPartitioner.STATIC
    VALUE_CACHE_GROUP_SIZE = 0
    VALUE_CACHE_PRECISION = <Type: 'uint8_t'>
[inv] DYNAMIC_QUANTIZATION_GROUP_SIZE supported: True
[inv] top runtime op/exec types:
     2712  ExecutionNode
        6  Parameter
        3  Result
[P1] n_tok=39 warm_p50=0.2695s mean=0.2688s min=0.2628s cos_hostA=None
           19942.0 us  __module.lm_head/aten::linear/MatMul                                     brgemm_avx512_bf16
            2180.0 us  __module.model.language_model.layers.30.mlp.up_proj/aten::linear/MatMu   brgemm_avx512_bf16
            2074.0 us  __module.model.language_model.layers.8.mlp.up_proj/aten::linear/MatMul   brgemm_avx512_bf16
            2072.0 us  __module.model.language_model.layers.35.mlp.down_proj/aten::linear/Mat   brgemm_avx512_bf16
            2063.0 us  __module.model.language_model.layers.28.mlp.gate_proj/aten::linear/Mat   brgemm_avx512_bf16
            2058.0 us  __module.model.language_model.layers.33.mlp.gate_proj/aten::linear/Mat   brgemm_avx512_bf16
            2046.0 us  __module.model.language_model.layers.21.mlp.up_proj/aten::linear/MatMu   brgemm_avx512_bf16
            1999.0 us  __module.model.language_model.layers.26.mlp.gate_proj/aten::linear/Mat   brgemm_avx512_bf16
            1980.0 us  __module.model.language_model.layers.29.mlp.up_proj/aten::linear/MatMu   brgemm_avx512_bf16
            1980.0 us  __module.model.language_model.layers.34.mlp.down_proj/aten::linear/Mat   brgemm_avx512_bf16
            1973.0 us  __module.model.language_model.layers.16.mlp.up_proj/aten::linear/MatMu   brgemm_avx512_bf16
            1964.0 us  __module.model.language_model.layers.18.mlp.down_proj/aten::linear/Mat   brgemm_avx512_bf16
[P2] n_tok=81 warm_p50=0.6496s mean=0.6425s min=0.6287s cos_hostA=None
           36285.0 us  __module.lm_head/aten::linear/MatMul                                     brgemm_avx512_bf16
            3324.0 us  __module.model.language_model.layers.14.mlp.gate_proj/aten::linear/Mat   brgemm_avx512_bf16
            3220.0 us  __module.model.language_model.layers.8.mlp.up_proj/aten::linear/MatMul   brgemm_avx512_bf16
            3154.0 us  __module.model.language_model.layers.33.mlp.gate_proj/aten::linear/Mat   brgemm_avx512_bf16
            3142.0 us  __module.model.language_model.layers.28.mlp.gate_proj/aten::linear/Mat   brgemm_avx512_bf16
            3111.0 us  __module.model.language_model.layers.32.mlp.gate_proj/aten::linear/Mat   brgemm_avx512_bf16
            3057.0 us  __module.model.language_model.layers.26.mlp.gate_proj/aten::linear/Mat   brgemm_avx512_bf16
            3044.0 us  __module.model.language_model.layers.13.mlp.gate_proj/aten::linear/Mat   brgemm_avx512_bf16
            3032.0 us  __module.model.language_model.layers.21.mlp.gate_proj/aten::linear/Mat   brgemm_avx512_bf16
            3027.0 us  __module.model.language_model.layers.30.mlp.up_proj/aten::linear/MatMu   brgemm_avx512_bf16
            3013.0 us  __module.model.language_model.layers.32.mlp.up_proj/aten::linear/MatMu   brgemm_avx512_bf16
            3008.0 us  __module.model.language_model.layers.20.mlp.up_proj/aten::linear/MatMu   brgemm_avx512_bf16
[P3] n_tok=185 warm_p50=1.3091s mean=1.2916s min=1.2430s cos_hostA=None
           51345.0 us  __module.lm_head/aten::linear/MatMul                                     brgemm_avx512_bf16
            4815.0 us  __module.model.language_model.layers.14.mlp.gate_proj/aten::linear/Mat   brgemm_avx512_bf16
            4769.0 us  __module.model.language_model.layers.33.mlp.gate_proj/aten::linear/Mat   brgemm_avx512_bf16
            4767.0 us  __module.model.language_model.layers.8.mlp.up_proj/aten::linear/MatMul   brgemm_avx512_bf16
            4723.0 us  __module.model.language_model.layers.26.mlp.gate_proj/aten::linear/Mat   brgemm_avx512_bf16
            4694.0 us  __module.model.language_model.layers.20.mlp.gate_proj/aten::linear/Mat   brgemm_avx512_bf16
            4663.0 us  __module.model.language_model.layers.13.mlp.gate_proj/aten::linear/Mat   brgemm_avx512_bf16
            4659.0 us  __module.model.language_model.layers.28.mlp.gate_proj/aten::linear/Mat   brgemm_avx512_bf16
            4654.0 us  __module.model.language_model.layers.9.mlp.gate_proj/aten::linear/MatM   brgemm_avx512_bf16
            4647.0 us  __module.model.language_model.layers.20.mlp.up_proj/aten::linear/MatMu   brgemm_avx512_bf16
            4646.0 us  __module.model.language_model.layers.32.mlp.gate_proj/aten::linear/Mat   brgemm_avx512_bf16
            4643.0 us  __module.model.language_model.layers.19.mlp.gate_proj/aten::linear/Mat   brgemm_avx512_bf16
[saved] /workspace/qwen3vl-cpu-benchmark/results/openvino_isa/investigate_dq0_p2.json  (rss 14.78 GiB)
