[transformers] PyTorch was not found. Models won't be available and only tokenizers, configuration and file/data utilities can be used.
[inv] openvino 2026.4.0-22959-99c81491cc3-releases/2026/4 devices=['CPU', 'GPU']
[inv] pre-norm node: __module.model.language_model.layers.35/aten::add/Add_1
[inv] read 0.101s compile 1.059s
[inv] supported_properties:
    CPU_DENORMALS_OPTIMIZATION = False
    CPU_SPARSE_WEIGHTS_DECOMPRESSION_RATE = 1.0
    DYNAMIC_QUANTIZATION_GROUP_SIZE = 128
    ENABLE_CPU_PINNING = True
    ENABLE_CPU_RESERVATION = False
    ENABLE_HYPER_THREADING = False
    ENABLE_TENSOR_PARALLEL = False
    EXECUTION_DEVICES = ['CPU']
    EXECUTION_MODE_HINT = ExecutionMode.PERFORMANCE
    INFERENCE_NUM_THREADS = 16
    INFERENCE_PRECISION_HINT = <Type: 'bfloat16'>
    KEY_CACHE_GROUP_SIZE = 0
    KEY_CACHE_PRECISION = <Type: 'uint8_t'>
    KV_CACHE_PRECISION = <Type: 'uint8_t'>
    LOG_LEVEL = Level.NO
    MODEL_DISTRIBUTION_POLICY = set()
    NETWORK_NAME = Model0
    NUM_STREAMS = 1
    OPTIMAL_NUMBER_OF_INFER_REQUESTS = 1
    PERFORMANCE_HINT = LATENCY
    PERFORMANCE_HINT_NUM_REQUESTS = 0
    PERF_COUNT = YES
    RUNTIME_REQUIREMENTS = meta=1.0;ov=2026.4.0;isa=Intel AVX-512 with Intel DL Boost and bfloat16 support
    SCHEDULING_CORE_TYPE = SchedulingCoreType.ANY_CORE
    SUPPORTED_PROPERTIES = {'SUPPORTED_PROPERTIES': 'RO', 'NETWORK_NAME': 'RO', 'OPTIMAL_NUMBER_OF_INFER_REQUESTS': 'RO', 'NUM_STREAMS': 'RO', 'INFERENCE_NUM_THREADS': 'RO', 'PERF_COUNT': 'RO', 'INFERENCE_PRECISION_HINT': 'RO', 'PERFORMANCE_HINT': 'RO', 'EXECUTION_MODE_HINT': 'RO', 'PERFORMANCE_HINT_NUM_REQUESTS': 'RO', 'ENABLE_CPU_PINNING': 'RO', 'ENABLE_CPU_RESERVATION': 'RO', 'SCHEDULING_CORE_TYPE': 'RO', 'MODEL_DISTRIBUTION_POLICY': 'RO', 'ENABLE_HYPER_THREADING': 'RO', 'EXECUTION_DEVICES': 'RO', 'CPU_DENORMALS_OPTIMIZATION': 'RO', 'LOG_LEVEL': 'RO', 'CPU_SPARSE_WEIGHTS_DECOMPRESSION_RATE': 'RO', 'ENABLE_TENSOR_PARALLEL': 'RO', 'TBB_PARTITIONER': 'RO', 'DYNAMIC_QUANTIZATION_GROUP_SIZE': 'RO', 'KV_CACHE_PRECISION': 'RO', 'KEY_CACHE_PRECISION': 'RO', 'VALUE_CACHE_PRECISION': 'RO', 'KEY_CACHE_GROUP_SIZE': 'RO', 'VALUE_CACHE_GROUP_SIZE': 'RO', 'RUNTIME_REQUIREMENTS': 'RO'}
    TBB_PARTITIONER = TbbPartitioner.STATIC
    VALUE_CACHE_GROUP_SIZE = 0
    VALUE_CACHE_PRECISION = <Type: 'uint8_t'>
[inv] DYNAMIC_QUANTIZATION_GROUP_SIZE supported: True
[inv] top runtime op/exec types:
     2712  ExecutionNode
        6  Parameter
        3  Result
[P1] n_tok=39 warm_p50=0.1581s mean=0.1574s min=0.1513s cos_hostA=None
           10541.0 us  __module.lm_head/aten::linear/MatMul                                     brgemm_avx512_bf16
            1411.0 us  __module.model.language_model.layers.19.mlp.down_proj/aten::linear/Mat   brgemm_avx512_bf16
            1334.0 us  __module.model.language_model.layers.25.mlp.up_proj/aten::linear/MatMu   brgemm_avx512_bf16
            1313.0 us  __module.model.language_model.layers.32.mlp.down_proj/aten::linear/Mat   brgemm_avx512_bf16
            1308.0 us  __module.model.language_model.layers.33.mlp.up_proj/aten::linear/MatMu   brgemm_avx512_bf16
            1300.0 us  __module.model.language_model.layers.1.mlp.up_proj/aten::linear/MatMul   brgemm_avx512_bf16
            1261.0 us  __module.model.language_model.layers.34.mlp.down_proj/aten::linear/Mat   brgemm_avx512_bf16
            1228.0 us  __module.model.language_model.layers.26.mlp.gate_proj/aten::linear/Mat   brgemm_avx512_bf16
            1210.0 us  __module.model.language_model.layers.29.mlp.up_proj/aten::linear/MatMu   brgemm_avx512_bf16
            1112.0 us  __module.model.language_model.layers.28.mlp.gate_proj/aten::linear/Mat   brgemm_avx512_bf16
            1091.0 us  __module.model.language_model.layers.9.mlp.up_proj/aten::linear/MatMul   brgemm_avx512_bf16
            1086.0 us  __module.model.language_model.layers.8.mlp.gate_proj/aten::linear/MatM   brgemm_avx512_bf16
[P2] n_tok=81 warm_p50=0.3790s mean=0.3812s min=0.3716s cos_hostA=None
           22569.0 us  __module.lm_head/aten::linear/MatMul                                     brgemm_avx512_bf16
            1907.0 us  __module.model.language_model.layers.23.mlp.gate_proj/aten::linear/Mat   brgemm_avx512_bf16
            1905.0 us  __module.model.language_model.layers.33.mlp.up_proj/aten::linear/MatMu   brgemm_avx512_bf16
            1852.0 us  __module.model.language_model.layers.33.mlp.down_proj/aten::linear/Mat   brgemm_avx512_bf16
            1811.0 us  __module.model.language_model.layers.27.mlp.gate_proj/aten::linear/Mat   brgemm_avx512_bf16
            1796.0 us  __module.model.language_model.layers.22.mlp.gate_proj/aten::linear/Mat   brgemm_avx512_bf16
            1718.0 us  __module.model.language_model.layers.21.mlp.gate_proj/aten::linear/Mat   brgemm_avx512_bf16
            1700.0 us  __module.model.language_model.layers.19.mlp.down_proj/aten::linear/Mat   brgemm_avx512_bf16
            1693.0 us  __module.model.language_model.layers.34.mlp.down_proj/aten::linear/Mat   brgemm_avx512_bf16
            1690.0 us  __module.model.language_model.layers.12.mlp.down_proj/aten::linear/Mat   brgemm_avx512_bf16
            1683.0 us  __module.model.language_model.layers.21.mlp.up_proj/aten::linear/MatMu   brgemm_avx512_bf16
            1683.0 us  __module.model.language_model.layers.32.mlp.up_proj/aten::linear/MatMu   brgemm_avx512_bf16
[P3] n_tok=185 warm_p50=0.7524s mean=0.7511s min=0.7390s cos_hostA=None
           30942.0 us  __module.lm_head/aten::linear/MatMul                                     brgemm_avx512_bf16
            2922.0 us  __module.model.language_model.layers.23.mlp.gate_proj/aten::linear/Mat   brgemm_avx512_bf16
            2779.0 us  __module.model.language_model.layers.27.mlp.gate_proj/aten::linear/Mat   brgemm_avx512_bf16
            2759.0 us  __module.model.language_model.layers.19.mlp.down_proj/aten::linear/Mat   brgemm_avx512_bf16
            2746.0 us  __module.model.language_model.layers.29.mlp.up_proj/aten::linear/MatMu   brgemm_avx512_bf16
            2719.0 us  __module.model.language_model.layers.33.mlp.down_proj/aten::linear/Mat   brgemm_avx512_bf16
            2681.0 us  __module.model.language_model.layers.32.mlp.down_proj/aten::linear/Mat   brgemm_avx512_bf16
            2672.0 us  __module.model.language_model.layers.21.mlp.gate_proj/aten::linear/Mat   brgemm_avx512_bf16
            2658.0 us  __module.model.language_model.layers.24.mlp.gate_proj/aten::linear/Mat   brgemm_avx512_bf16
            2634.0 us  __module.model.language_model.layers.28.mlp.down_proj/aten::linear/Mat   brgemm_avx512_bf16
            2609.0 us  __module.model.language_model.layers.12.mlp.down_proj/aten::linear/Mat   brgemm_avx512_bf16
            2588.0 us  __module.model.language_model.layers.32.mlp.up_proj/aten::linear/MatMu   brgemm_avx512_bf16
[saved] /workspace/qwen3vl-cpu-benchmark/results/openvino_isa/investigate_dq128_p3.json  (rss 14.78 GiB)
