[transformers] PyTorch was not found. Models won't be available and only tokenizers, configuration and file/data utilities can be used.
[inv] openvino 2026.4.0-22959-99c81491cc3-releases/2026/4 devices=['CPU', 'GPU']
[inv] pre-norm node: __module.model.language_model.layers.35/aten::add/Add_1
[inv] read 0.099s compile 1.066s
[inv] supported_properties:
    CPU_DENORMALS_OPTIMIZATION = False
    CPU_SPARSE_WEIGHTS_DECOMPRESSION_RATE = 1.0
    DYNAMIC_QUANTIZATION_GROUP_SIZE = 32
    ENABLE_CPU_PINNING = True
    ENABLE_CPU_RESERVATION = False
    ENABLE_HYPER_THREADING = False
    ENABLE_TENSOR_PARALLEL = False
    EXECUTION_DEVICES = ['CPU']
    EXECUTION_MODE_HINT = ExecutionMode.PERFORMANCE
    INFERENCE_NUM_THREADS = 16
    INFERENCE_PRECISION_HINT = <Type: 'bfloat16'>
    KEY_CACHE_GROUP_SIZE = 0
    KEY_CACHE_PRECISION = <Type: 'uint8_t'>
    KV_CACHE_PRECISION = <Type: 'uint8_t'>
    LOG_LEVEL = Level.NO
    MODEL_DISTRIBUTION_POLICY = set()
    NETWORK_NAME = Model0
    NUM_STREAMS = 1
    OPTIMAL_NUMBER_OF_INFER_REQUESTS = 1
    PERFORMANCE_HINT = LATENCY
    PERFORMANCE_HINT_NUM_REQUESTS = 0
    PERF_COUNT = YES
    RUNTIME_REQUIREMENTS = meta=1.0;ov=2026.4.0;isa=Intel AVX-512 with Intel DL Boost and bfloat16 support
    SCHEDULING_CORE_TYPE = SchedulingCoreType.ANY_CORE
    SUPPORTED_PROPERTIES = {'SUPPORTED_PROPERTIES': 'RO', 'NETWORK_NAME': 'RO', 'OPTIMAL_NUMBER_OF_INFER_REQUESTS': 'RO', 'NUM_STREAMS': 'RO', 'INFERENCE_NUM_THREADS': 'RO', 'PERF_COUNT': 'RO', 'INFERENCE_PRECISION_HINT': 'RO', 'PERFORMANCE_HINT': 'RO', 'EXECUTION_MODE_HINT': 'RO', 'PERFORMANCE_HINT_NUM_REQUESTS': 'RO', 'ENABLE_CPU_PINNING': 'RO', 'ENABLE_CPU_RESERVATION': 'RO', 'SCHEDULING_CORE_TYPE': 'RO', 'MODEL_DISTRIBUTION_POLICY': 'RO', 'ENABLE_HYPER_THREADING': 'RO', 'EXECUTION_DEVICES': 'RO', 'CPU_DENORMALS_OPTIMIZATION': 'RO', 'LOG_LEVEL': 'RO', 'CPU_SPARSE_WEIGHTS_DECOMPRESSION_RATE': 'RO', 'ENABLE_TENSOR_PARALLEL': 'RO', 'TBB_PARTITIONER': 'RO', 'DYNAMIC_QUANTIZATION_GROUP_SIZE': 'RO', 'KV_CACHE_PRECISION': 'RO', 'KEY_CACHE_PRECISION': 'RO', 'VALUE_CACHE_PRECISION': 'RO', 'KEY_CACHE_GROUP_SIZE': 'RO', 'VALUE_CACHE_GROUP_SIZE': 'RO', 'RUNTIME_REQUIREMENTS': 'RO'}
    TBB_PARTITIONER = TbbPartitioner.STATIC
    VALUE_CACHE_GROUP_SIZE = 0
    VALUE_CACHE_PRECISION = <Type: 'uint8_t'>
[inv] DYNAMIC_QUANTIZATION_GROUP_SIZE supported: True
[inv] top runtime op/exec types:
     2712  ExecutionNode
        6  Parameter
        3  Result
[P1] n_tok=39 warm_p50=0.1873s mean=0.1866s min=0.1802s cos_hostA=None
           12229.0 us  __module.lm_head/aten::linear/MatMul                                     brgemm_avx512_bf16
            1639.0 us  __module.model.language_model.layers.11.mlp.down_proj/aten::linear/Mat   brgemm_avx512_bf16
            1526.0 us  __module.model.language_model.layers.7.mlp.gate_proj/aten::linear/MatM   brgemm_avx512_bf16
            1447.0 us  __module.model.language_model.layers.12.mlp.gate_proj/aten::linear/Mat   brgemm_avx512_bf16
            1417.0 us  __module.model.language_model.layers.24.mlp.gate_proj/aten::linear/Mat   brgemm_avx512_bf16
            1383.0 us  __module.model.language_model.layers.16.mlp.up_proj/aten::linear/MatMu   brgemm_avx512_bf16
            1379.0 us  __module.model.language_model.layers.28.mlp.down_proj/aten::linear/Mat   brgemm_avx512_bf16
            1371.0 us  __module.model.language_model.layers.24.mlp.up_proj/aten::linear/MatMu   brgemm_avx512_bf16
            1367.0 us  __module.model.language_model.layers.27.mlp.up_proj/aten::linear/MatMu   brgemm_avx512_bf16
            1307.0 us  __module.model.language_model.layers.3.mlp.up_proj/aten::linear/MatMul   brgemm_avx512_bf16
            1302.0 us  __module.model.language_model.layers.21.mlp.gate_proj/aten::linear/Mat   brgemm_avx512_bf16
            1278.0 us  __module.model.language_model.layers.34.mlp.down_proj/aten::linear/Mat   brgemm_avx512_bf16
[P2] n_tok=81 warm_p50=0.4160s mean=0.4156s min=0.4100s cos_hostA=None
           25407.0 us  __module.lm_head/aten::linear/MatMul                                     brgemm_avx512_bf16
            2169.0 us  __module.model.language_model.layers.11.mlp.down_proj/aten::linear/Mat   brgemm_avx512_bf16
            1974.0 us  __module.model.language_model.layers.21.mlp.down_proj/aten::linear/Mat   brgemm_avx512_bf16
        1968.0000000000002 us  __module.model.language_model.layers.27.mlp.up_proj/aten::linear/MatMu   brgemm_avx512_bf16
            1951.0 us  __module.model.language_model.layers.28.mlp.down_proj/aten::linear/Mat   brgemm_avx512_bf16
            1930.0 us  __module.model.language_model.layers.24.mlp.gate_proj/aten::linear/Mat   brgemm_avx512_bf16
            1909.0 us  __module.model.language_model.layers.20.mlp.down_proj/aten::linear/Mat   brgemm_avx512_bf16
            1883.0 us  __module.model.language_model.layers.7.mlp.gate_proj/aten::linear/MatM   brgemm_avx512_bf16
            1880.0 us  __module.model.language_model.layers.33.mlp.up_proj/aten::linear/MatMu   brgemm_avx512_bf16
            1847.0 us  __module.model.language_model.layers.24.mlp.up_proj/aten::linear/MatMu   brgemm_avx512_bf16
            1845.0 us  __module.model.language_model.layers.23.mlp.up_proj/aten::linear/MatMu   brgemm_avx512_bf16
            1840.0 us  __module.model.language_model.layers.12.mlp.gate_proj/aten::linear/Mat   brgemm_avx512_bf16
[P3] n_tok=185 warm_p50=0.9250s mean=0.9251s min=0.9148s cos_hostA=None
           38379.0 us  __module.lm_head/aten::linear/MatMul                                     brgemm_avx512_bf16
            3204.0 us  __module.model.language_model.layers.14.mlp.gate_proj/aten::linear/Mat   brgemm_avx512_bf16
            3194.0 us  __module.model.language_model.layers.23.mlp.gate_proj/aten::linear/Mat   brgemm_avx512_bf16
            3193.0 us  __module.model.language_model.layers.11.mlp.down_proj/aten::linear/Mat   brgemm_avx512_bf16
            3144.0 us  __module.model.language_model.layers.27.mlp.up_proj/aten::linear/MatMu   brgemm_avx512_bf16
            3113.0 us  __module.model.language_model.layers.27.mlp.down_proj/aten::linear/Mat   brgemm_avx512_bf16
            3108.0 us  __module.model.language_model.layers.18.mlp.gate_proj/aten::linear/Mat   brgemm_avx512_bf16
            3093.0 us  __module.model.language_model.layers.24.mlp.gate_proj/aten::linear/Mat   brgemm_avx512_bf16
            3089.0 us  __module.model.language_model.layers.7.mlp.gate_proj/aten::linear/MatM   brgemm_avx512_bf16
            3071.0 us  __module.model.language_model.layers.9.mlp.down_proj/aten::linear/MatM   brgemm_avx512_bf16
            3070.0 us  __module.model.language_model.layers.25.mlp.down_proj/aten::linear/Mat   brgemm_avx512_bf16
            3057.0 us  __module.model.language_model.layers.18.mlp.down_proj/aten::linear/Mat   brgemm_avx512_bf16
[saved] /workspace/qwen3vl-cpu-benchmark/results/openvino_isa/investigate_isa_bf16_p3.json  (rss 14.78 GiB)
