[transformers] PyTorch was not found. Models won't be available and only tokenizers, configuration and file/data utilities can be used.
[inv] openvino 2026.4.0-22959-99c81491cc3-releases/2026/4 devices=['CPU', 'GPU']
[inv] pre-norm node: __module.model.language_model.layers.35/aten::add/Add_1
[inv] read 0.101s compile 1.080s
[inv] supported_properties:
    CPU_DENORMALS_OPTIMIZATION = False
    CPU_SPARSE_WEIGHTS_DECOMPRESSION_RATE = 1.0
    DYNAMIC_QUANTIZATION_GROUP_SIZE = 32
    ENABLE_CPU_PINNING = True
    ENABLE_CPU_RESERVATION = False
    ENABLE_HYPER_THREADING = False
    ENABLE_TENSOR_PARALLEL = False
    EXECUTION_DEVICES = ['CPU']
    EXECUTION_MODE_HINT = ExecutionMode.PERFORMANCE
    INFERENCE_NUM_THREADS = 16
    INFERENCE_PRECISION_HINT = <Type: 'bfloat16'>
    KEY_CACHE_GROUP_SIZE = 0
    KEY_CACHE_PRECISION = <Type: 'uint8_t'>
    KV_CACHE_PRECISION = <Type: 'uint8_t'>
    LOG_LEVEL = Level.NO
    MODEL_DISTRIBUTION_POLICY = set()
    NETWORK_NAME = Model0
    NUM_STREAMS = 1
    OPTIMAL_NUMBER_OF_INFER_REQUESTS = 1
    PERFORMANCE_HINT = LATENCY
    PERFORMANCE_HINT_NUM_REQUESTS = 0
    PERF_COUNT = YES
    RUNTIME_REQUIREMENTS = meta=1.0;ov=2026.4.0;isa=Intel AVX-512 with Intel DL Boost and bfloat16 support
    SCHEDULING_CORE_TYPE = SchedulingCoreType.ANY_CORE
    SUPPORTED_PROPERTIES = {'SUPPORTED_PROPERTIES': 'RO', 'NETWORK_NAME': 'RO', 'OPTIMAL_NUMBER_OF_INFER_REQUESTS': 'RO', 'NUM_STREAMS': 'RO', 'INFERENCE_NUM_THREADS': 'RO', 'PERF_COUNT': 'RO', 'INFERENCE_PRECISION_HINT': 'RO', 'PERFORMANCE_HINT': 'RO', 'EXECUTION_MODE_HINT': 'RO', 'PERFORMANCE_HINT_NUM_REQUESTS': 'RO', 'ENABLE_CPU_PINNING': 'RO', 'ENABLE_CPU_RESERVATION': 'RO', 'SCHEDULING_CORE_TYPE': 'RO', 'MODEL_DISTRIBUTION_POLICY': 'RO', 'ENABLE_HYPER_THREADING': 'RO', 'EXECUTION_DEVICES': 'RO', 'CPU_DENORMALS_OPTIMIZATION': 'RO', 'LOG_LEVEL': 'RO', 'CPU_SPARSE_WEIGHTS_DECOMPRESSION_RATE': 'RO', 'ENABLE_TENSOR_PARALLEL': 'RO', 'TBB_PARTITIONER': 'RO', 'DYNAMIC_QUANTIZATION_GROUP_SIZE': 'RO', 'KV_CACHE_PRECISION': 'RO', 'KEY_CACHE_PRECISION': 'RO', 'VALUE_CACHE_PRECISION': 'RO', 'KEY_CACHE_GROUP_SIZE': 'RO', 'VALUE_CACHE_GROUP_SIZE': 'RO', 'RUNTIME_REQUIREMENTS': 'RO'}
    TBB_PARTITIONER = TbbPartitioner.STATIC
    VALUE_CACHE_GROUP_SIZE = 0
    VALUE_CACHE_PRECISION = <Type: 'uint8_t'>
[inv] DYNAMIC_QUANTIZATION_GROUP_SIZE supported: True
[inv] top runtime op/exec types:
     2712  ExecutionNode
        6  Parameter
        3  Result
[P1] n_tok=39 warm_p50=0.1962s mean=0.1944s min=0.1841s cos_hostA=None
           13344.0 us  __module.lm_head/aten::linear/MatMul                                     brgemm_avx512_bf16
            1497.0 us  __module.model.language_model.layers.23.mlp.gate_proj/aten::linear/Mat   brgemm_avx512_bf16
            1469.0 us  __module.model.language_model.layers.10.mlp.up_proj/aten::linear/MatMu   brgemm_avx512_bf16
            1438.0 us  __module.model.language_model.layers.16.mlp.up_proj/aten::linear/MatMu   brgemm_avx512_bf16
            1429.0 us  __module.model.language_model.layers.17.mlp.gate_proj/aten::linear/Mat   brgemm_avx512_bf16
            1413.0 us  __module.model.language_model.layers.30.mlp.down_proj/aten::linear/Mat   brgemm_avx512_bf16
            1380.0 us  __module.model.language_model.layers.30.mlp.up_proj/aten::linear/MatMu   brgemm_avx512_bf16
            1310.0 us  __module.model.language_model.layers.19.mlp.up_proj/aten::linear/MatMu   brgemm_avx512_bf16
            1298.0 us  __module.model.language_model.layers.26.mlp.down_proj/aten::linear/Mat   brgemm_avx512_bf16
            1272.0 us  __module.model.language_model.layers.11.mlp.up_proj/aten::linear/MatMu   brgemm_avx512_bf16
            1256.0 us  __module.model.language_model.layers.24.mlp.gate_proj/aten::linear/Mat   brgemm_avx512_bf16
            1242.0 us  __module.model.language_model.layers.22.mlp.up_proj/aten::linear/MatMu   brgemm_avx512_bf16
[P2] n_tok=81 warm_p50=0.4349s mean=0.4343s min=0.4252s cos_hostA=None
           26923.0 us  __module.lm_head/aten::linear/MatMul                                     brgemm_avx512_bf16
            2226.0 us  __module.model.language_model.layers.29.mlp.down_proj/aten::linear/Mat   brgemm_avx512_bf16
            2127.0 us  __module.model.language_model.layers.10.mlp.up_proj/aten::linear/MatMu   brgemm_avx512_bf16
            2006.0 us  __module.model.language_model.layers.20.mlp.gate_proj/aten::linear/Mat   brgemm_avx512_bf16
            1993.0 us  __module.model.language_model.layers.19.mlp.up_proj/aten::linear/MatMu   brgemm_avx512_bf16
        1988.9999999999998 us  __module.model.language_model.layers.24.mlp.down_proj/aten::linear/Mat   brgemm_avx512_bf16
            1986.0 us  __module.model.language_model.layers.10.mlp.down_proj/aten::linear/Mat   brgemm_avx512_bf16
        1981.0000000000002 us  __module.model.language_model.layers.30.mlp.up_proj/aten::linear/MatMu   brgemm_avx512_bf16
            1961.0 us  __module.model.language_model.layers.17.mlp.gate_proj/aten::linear/Mat   brgemm_avx512_bf16
            1961.0 us  __module.model.language_model.layers.30.mlp.down_proj/aten::linear/Mat   brgemm_avx512_bf16
            1935.0 us  __module.model.language_model.layers.23.mlp.gate_proj/aten::linear/Mat   brgemm_avx512_bf16
            1933.0 us  __module.model.language_model.layers.20.mlp.up_proj/aten::linear/MatMu   brgemm_avx512_bf16
[P3] n_tok=185 warm_p50=0.8840s mean=0.8924s min=0.8755s cos_hostA=None
           38825.0 us  __module.lm_head/aten::linear/MatMul                                     brgemm_avx512_bf16
            3332.0 us  __module.model.language_model.layers.29.mlp.down_proj/aten::linear/Mat   brgemm_avx512_bf16
            3246.0 us  __module.model.language_model.layers.32.mlp.down_proj/aten::linear/Mat   brgemm_avx512_bf16
            3220.0 us  __module.model.language_model.layers.14.mlp.up_proj/aten::linear/MatMu   brgemm_avx512_bf16
            3198.0 us  __module.model.language_model.layers.33.mlp.gate_proj/aten::linear/Mat   brgemm_avx512_bf16
            3172.0 us  __module.model.language_model.layers.24.mlp.gate_proj/aten::linear/Mat   brgemm_avx512_bf16
            3144.0 us  __module.model.language_model.layers.20.mlp.gate_proj/aten::linear/Mat   brgemm_avx512_bf16
            3125.0 us  __module.model.language_model.layers.17.mlp.down_proj/aten::linear/Mat   brgemm_avx512_bf16
            3122.0 us  __module.model.language_model.layers.34.mlp.down_proj/aten::linear/Mat   brgemm_avx512_bf16
            3111.0 us  __module.model.language_model.layers.9.mlp.down_proj/aten::linear/MatM   brgemm_avx512_bf16
            3090.0 us  __module.model.language_model.layers.23.mlp.gate_proj/aten::linear/Mat   brgemm_avx512_bf16
            3087.0 us  __module.model.language_model.layers.21.mlp.down_proj/aten::linear/Mat   brgemm_avx512_bf16
[saved] /workspace/qwen3vl-cpu-benchmark/results/openvino_isa/investigate_isa_bf16_p2.json  (rss 14.77 GiB)
