[transformers] PyTorch was not found. Models won't be available and only tokenizers, configuration and file/data utilities can be used.
[inv] openvino 2026.4.0-22959-99c81491cc3-releases/2026/4 devices=['CPU', 'GPU']
[inv] pre-norm node: __module.model.language_model.layers.35/aten::add/Add_1
[inv] read 0.100s compile 1.062s
[inv] supported_properties:
    CPU_DENORMALS_OPTIMIZATION = False
    CPU_SPARSE_WEIGHTS_DECOMPRESSION_RATE = 1.0
    DYNAMIC_QUANTIZATION_GROUP_SIZE = 32
    ENABLE_CPU_PINNING = True
    ENABLE_CPU_RESERVATION = False
    ENABLE_HYPER_THREADING = False
    ENABLE_TENSOR_PARALLEL = False
    EXECUTION_DEVICES = ['CPU']
    EXECUTION_MODE_HINT = ExecutionMode.PERFORMANCE
    INFERENCE_NUM_THREADS = 16
    INFERENCE_PRECISION_HINT = <Type: 'bfloat16'>
    KEY_CACHE_GROUP_SIZE = 0
    KEY_CACHE_PRECISION = <Type: 'uint8_t'>
    KV_CACHE_PRECISION = <Type: 'uint8_t'>
    LOG_LEVEL = Level.NO
    MODEL_DISTRIBUTION_POLICY = set()
    NETWORK_NAME = Model0
    NUM_STREAMS = 1
    OPTIMAL_NUMBER_OF_INFER_REQUESTS = 1
    PERFORMANCE_HINT = LATENCY
    PERFORMANCE_HINT_NUM_REQUESTS = 0
    PERF_COUNT = YES
    RUNTIME_REQUIREMENTS = meta=1.0;ov=2026.4.0;isa=Intel AVX-512 with Intel DL Boost and bfloat16 support
    SCHEDULING_CORE_TYPE = SchedulingCoreType.ANY_CORE
    SUPPORTED_PROPERTIES = {'SUPPORTED_PROPERTIES': 'RO', 'NETWORK_NAME': 'RO', 'OPTIMAL_NUMBER_OF_INFER_REQUESTS': 'RO', 'NUM_STREAMS': 'RO', 'INFERENCE_NUM_THREADS': 'RO', 'PERF_COUNT': 'RO', 'INFERENCE_PRECISION_HINT': 'RO', 'PERFORMANCE_HINT': 'RO', 'EXECUTION_MODE_HINT': 'RO', 'PERFORMANCE_HINT_NUM_REQUESTS': 'RO', 'ENABLE_CPU_PINNING': 'RO', 'ENABLE_CPU_RESERVATION': 'RO', 'SCHEDULING_CORE_TYPE': 'RO', 'MODEL_DISTRIBUTION_POLICY': 'RO', 'ENABLE_HYPER_THREADING': 'RO', 'EXECUTION_DEVICES': 'RO', 'CPU_DENORMALS_OPTIMIZATION': 'RO', 'LOG_LEVEL': 'RO', 'CPU_SPARSE_WEIGHTS_DECOMPRESSION_RATE': 'RO', 'ENABLE_TENSOR_PARALLEL': 'RO', 'TBB_PARTITIONER': 'RO', 'DYNAMIC_QUANTIZATION_GROUP_SIZE': 'RO', 'KV_CACHE_PRECISION': 'RO', 'KEY_CACHE_PRECISION': 'RO', 'VALUE_CACHE_PRECISION': 'RO', 'KEY_CACHE_GROUP_SIZE': 'RO', 'VALUE_CACHE_GROUP_SIZE': 'RO', 'RUNTIME_REQUIREMENTS': 'RO'}
    TBB_PARTITIONER = TbbPartitioner.STATIC
    VALUE_CACHE_GROUP_SIZE = 0
    VALUE_CACHE_PRECISION = <Type: 'uint8_t'>
[inv] DYNAMIC_QUANTIZATION_GROUP_SIZE supported: True
[inv] top runtime op/exec types:
     2712  ExecutionNode
        6  Parameter
        3  Result
[P1] n_tok=39 warm_p50=0.1870s mean=0.1902s min=0.1818s cos_hostA=None
           13036.0 us  __module.lm_head/aten::linear/MatMul                                     brgemm_avx512_bf16
            1651.0 us  __module.model.language_model.layers.4.mlp.down_proj/aten::linear/MatM   brgemm_avx512_bf16
            1513.0 us  __module.model.language_model.layers.34.mlp.down_proj/aten::linear/Mat   brgemm_avx512_bf16
            1379.0 us  __module.model.language_model.layers.27.mlp.down_proj/aten::linear/Mat   brgemm_avx512_bf16
            1329.0 us  __module.model.language_model.layers.21.mlp.down_proj/aten::linear/Mat   brgemm_avx512_bf16
            1322.0 us  __module.model.language_model.layers.18.mlp.down_proj/aten::linear/Mat   brgemm_avx512_bf16
            1304.0 us  __module.model.language_model.layers.9.mlp.down_proj/aten::linear/MatM   brgemm_avx512_bf16
            1300.0 us  __module.model.language_model.layers.15.mlp.up_proj/aten::linear/MatMu   brgemm_avx512_bf16
            1264.0 us  __module.model.language_model.layers.11.mlp.down_proj/aten::linear/Mat   brgemm_avx512_bf16
            1257.0 us  __module.model.language_model.layers.8.mlp.up_proj/aten::linear/MatMul   brgemm_avx512_bf16
            1256.0 us  __module.model.language_model.layers.33.mlp.gate_proj/aten::linear/Mat   brgemm_avx512_bf16
            1220.0 us  __module.model.language_model.layers.16.mlp.gate_proj/aten::linear/Mat   brgemm_avx512_bf16
[P2] n_tok=81 warm_p50=0.4189s mean=0.4210s min=0.4148s cos_hostA=None
           26135.0 us  __module.lm_head/aten::linear/MatMul                                     brgemm_avx512_bf16
            2380.0 us  __module.model.language_model.layers.11.mlp.down_proj/aten::linear/Mat   brgemm_avx512_bf16
            2042.0 us  __module.model.language_model.layers.21.mlp.down_proj/aten::linear/Mat   brgemm_avx512_bf16
            2032.0 us  __module.model.language_model.layers.34.mlp.down_proj/aten::linear/Mat   brgemm_avx512_bf16
            1977.0 us  __module.model.language_model.layers.4.mlp.down_proj/aten::linear/MatM   brgemm_avx512_bf16
            1952.0 us  __module.model.language_model.layers.9.mlp.down_proj/aten::linear/MatM   brgemm_avx512_bf16
            1932.0 us  __module.model.language_model.layers.19.mlp.down_proj/aten::linear/Mat   brgemm_avx512_bf16
            1916.0 us  __module.model.language_model.layers.18.mlp.down_proj/aten::linear/Mat   brgemm_avx512_bf16
            1913.0 us  __module.model.language_model.layers.22.mlp.down_proj/aten::linear/Mat   brgemm_avx512_bf16
            1889.0 us  __module.model.language_model.layers.31.mlp.down_proj/aten::linear/Mat   brgemm_avx512_bf16
            1871.0 us  __module.model.language_model.layers.24.mlp.down_proj/aten::linear/Mat   brgemm_avx512_bf16
            1870.0 us  __module.model.language_model.layers.27.mlp.down_proj/aten::linear/Mat   brgemm_avx512_bf16
[P3] n_tok=185 warm_p50=0.8795s mean=0.8865s min=0.8636s cos_hostA=None
           37725.0 us  __module.lm_head/aten::linear/MatMul                                     brgemm_avx512_bf16
            3381.0 us  __module.model.language_model.layers.11.mlp.down_proj/aten::linear/Mat   brgemm_avx512_bf16
            3122.0 us  __module.model.language_model.layers.14.mlp.up_proj/aten::linear/MatMu   brgemm_avx512_bf16
            3092.0 us  __module.model.language_model.layers.9.mlp.down_proj/aten::linear/MatM   brgemm_avx512_bf16
            3079.0 us  __module.model.language_model.layers.34.mlp.down_proj/aten::linear/Mat   brgemm_avx512_bf16
            3062.0 us  __module.model.language_model.layers.31.mlp.down_proj/aten::linear/Mat   brgemm_avx512_bf16
            3043.0 us  __module.model.language_model.layers.21.mlp.down_proj/aten::linear/Mat   brgemm_avx512_bf16
            3033.0 us  __module.model.language_model.layers.20.mlp.down_proj/aten::linear/Mat   brgemm_avx512_bf16
            3025.0 us  __module.model.language_model.layers.22.mlp.down_proj/aten::linear/Mat   brgemm_avx512_bf16
            2998.0 us  __module.model.language_model.layers.6.mlp.gate_proj/aten::linear/MatM   brgemm_avx512_bf16
            2990.0 us  __module.model.language_model.layers.4.mlp.down_proj/aten::linear/MatM   brgemm_avx512_bf16
            2989.0 us  __module.model.language_model.layers.27.mlp.down_proj/aten::linear/Mat   brgemm_avx512_bf16
[saved] /workspace/qwen3vl-cpu-benchmark/results/openvino_isa/investigate_isa_bf16_p1.json  (rss 14.78 GiB)
