[transformers] PyTorch was not found. Models won't be available and only tokenizers, configuration and file/data utilities can be used.
[inv] openvino 2026.4.0-22959-99c81491cc3-releases/2026/4 devices=['CPU', 'GPU']
[inv] pre-norm node: __module.model.language_model.layers.35/aten::add/Add_1
[inv] read 0.103s compile 1.103s
[inv] supported_properties:
    CPU_DENORMALS_OPTIMIZATION = False
    CPU_SPARSE_WEIGHTS_DECOMPRESSION_RATE = 1.0
    DYNAMIC_QUANTIZATION_GROUP_SIZE = 32
    ENABLE_CPU_PINNING = True
    ENABLE_CPU_RESERVATION = False
    ENABLE_HYPER_THREADING = False
    ENABLE_TENSOR_PARALLEL = False
    EXECUTION_DEVICES = ['CPU']
    EXECUTION_MODE_HINT = ExecutionMode.PERFORMANCE
    INFERENCE_NUM_THREADS = 16
    INFERENCE_PRECISION_HINT = <Type: 'bfloat16'>
    KEY_CACHE_GROUP_SIZE = 0
    KEY_CACHE_PRECISION = <Type: 'uint8_t'>
    KV_CACHE_PRECISION = <Type: 'uint8_t'>
    LOG_LEVEL = Level.NO
    MODEL_DISTRIBUTION_POLICY = set()
    NETWORK_NAME = Model0
    NUM_STREAMS = 1
    OPTIMAL_NUMBER_OF_INFER_REQUESTS = 1
    PERFORMANCE_HINT = LATENCY
    PERFORMANCE_HINT_NUM_REQUESTS = 0
    PERF_COUNT = YES
    RUNTIME_REQUIREMENTS = meta=1.0;ov=2026.4.0;isa=Intel AVX-512 with Intel DL Boost and bfloat16 support
    SCHEDULING_CORE_TYPE = SchedulingCoreType.ANY_CORE
    SUPPORTED_PROPERTIES = {'SUPPORTED_PROPERTIES': 'RO', 'NETWORK_NAME': 'RO', 'OPTIMAL_NUMBER_OF_INFER_REQUESTS': 'RO', 'NUM_STREAMS': 'RO', 'INFERENCE_NUM_THREADS': 'RO', 'PERF_COUNT': 'RO', 'INFERENCE_PRECISION_HINT': 'RO', 'PERFORMANCE_HINT': 'RO', 'EXECUTION_MODE_HINT': 'RO', 'PERFORMANCE_HINT_NUM_REQUESTS': 'RO', 'ENABLE_CPU_PINNING': 'RO', 'ENABLE_CPU_RESERVATION': 'RO', 'SCHEDULING_CORE_TYPE': 'RO', 'MODEL_DISTRIBUTION_POLICY': 'RO', 'ENABLE_HYPER_THREADING': 'RO', 'EXECUTION_DEVICES': 'RO', 'CPU_DENORMALS_OPTIMIZATION': 'RO', 'LOG_LEVEL': 'RO', 'CPU_SPARSE_WEIGHTS_DECOMPRESSION_RATE': 'RO', 'ENABLE_TENSOR_PARALLEL': 'RO', 'TBB_PARTITIONER': 'RO', 'DYNAMIC_QUANTIZATION_GROUP_SIZE': 'RO', 'KV_CACHE_PRECISION': 'RO', 'KEY_CACHE_PRECISION': 'RO', 'VALUE_CACHE_PRECISION': 'RO', 'KEY_CACHE_GROUP_SIZE': 'RO', 'VALUE_CACHE_GROUP_SIZE': 'RO', 'RUNTIME_REQUIREMENTS': 'RO'}
    TBB_PARTITIONER = TbbPartitioner.STATIC
    VALUE_CACHE_GROUP_SIZE = 0
    VALUE_CACHE_PRECISION = <Type: 'uint8_t'>
[inv] DYNAMIC_QUANTIZATION_GROUP_SIZE supported: True
[inv] top runtime op/exec types:
     2712  ExecutionNode
        6  Parameter
        3  Result
[P1] n_tok=39 warm_p50=0.2443s mean=0.2452s min=0.2368s cos_hostA=1.0000001192092896
           17076.0 us  __module.lm_head/aten::linear/MatMul                                     brgemm_avx512_bf16
            1822.0 us  __module.model.language_model.layers.21.mlp.up_proj/aten::linear/MatMu   brgemm_avx512_bf16
            1701.0 us  __module.model.language_model.layers.25.mlp.down_proj/aten::linear/Mat   brgemm_avx512_bf16
            1672.0 us  __module.model.language_model.layers.35.mlp.down_proj/aten::linear/Mat   brgemm_avx512_bf16
            1658.0 us  __module.model.language_model.layers.12.mlp.down_proj/aten::linear/Mat   brgemm_avx512_bf16
            1623.0 us  __module.model.language_model.layers.17.mlp.down_proj/aten::linear/Mat   brgemm_avx512_bf16
            1620.0 us  __module.model.language_model.layers.24.mlp.down_proj/aten::linear/Mat   brgemm_avx512_bf16
            1617.0 us  __module.model.language_model.layers.27.mlp.down_proj/aten::linear/Mat   brgemm_avx512_bf16
            1613.0 us  __module.model.language_model.layers.23.mlp.gate_proj/aten::linear/Mat   brgemm_avx512_bf16
            1599.0 us  __module.model.language_model.layers.11.mlp.up_proj/aten::linear/MatMu   brgemm_avx512_bf16
            1565.0 us  __module.model.language_model.layers.0.mlp.down_proj/aten::linear/MatM   brgemm_avx512_bf16
            1559.0 us  __module.model.language_model.layers.22.mlp.gate_proj/aten::linear/Mat   brgemm_avx512_bf16
[P2] n_tok=81 warm_p50=0.4748s mean=0.4754s min=0.4684s cos_hostA=1.0000001192092896
           28803.0 us  __module.lm_head/aten::linear/MatMul                                     brgemm_avx512_bf16
            2392.0 us  __module.model.language_model.layers.35.mlp.down_proj/aten::linear/Mat   brgemm_avx512_bf16
            2346.0 us  __module.model.language_model.layers.25.mlp.down_proj/aten::linear/Mat   brgemm_avx512_bf16
            2309.0 us  __module.model.language_model.layers.17.mlp.down_proj/aten::linear/Mat   brgemm_avx512_bf16
            2272.0 us  __module.model.language_model.layers.28.mlp.gate_proj/aten::linear/Mat   brgemm_avx512_bf16
            2251.0 us  __module.model.language_model.layers.1.mlp.down_proj/aten::linear/MatM   brgemm_avx512_bf16
            2243.0 us  __module.model.language_model.layers.18.mlp.up_proj/aten::linear/MatMu   brgemm_avx512_bf16
            2238.0 us  __module.model.language_model.layers.19.mlp.up_proj/aten::linear/MatMu   brgemm_avx512_bf16
            2237.0 us  __module.model.language_model.layers.17.mlp.gate_proj/aten::linear/Mat   brgemm_avx512_bf16
            2233.0 us  __module.model.language_model.layers.21.mlp.up_proj/aten::linear/MatMu   brgemm_avx512_bf16
            2233.0 us  __module.model.language_model.layers.30.mlp.down_proj/aten::linear/Mat   brgemm_avx512_bf16
            2221.0 us  __module.model.language_model.layers.27.mlp.up_proj/aten::linear/MatMu   brgemm_avx512_bf16
[P3] n_tok=185 warm_p50=1.0509s mean=1.0479s min=1.0354s cos_hostA=1.0
           41543.0 us  __module.lm_head/aten::linear/MatMul                                     brgemm_avx512_bf16
            3734.0 us  __module.model.language_model.layers.35.mlp.down_proj/aten::linear/Mat   brgemm_avx512_bf16
            3703.0 us  __module.model.language_model.layers.25.mlp.down_proj/aten::linear/Mat   brgemm_avx512_bf16
            3625.0 us  __module.model.language_model.layers.17.mlp.down_proj/aten::linear/Mat   brgemm_avx512_bf16
            3609.0 us  __module.model.language_model.layers.19.mlp.down_proj/aten::linear/Mat   brgemm_avx512_bf16
            3599.0 us  __module.model.language_model.layers.19.mlp.up_proj/aten::linear/MatMu   brgemm_avx512_bf16
            3587.0 us  __module.model.language_model.layers.30.mlp.down_proj/aten::linear/Mat   brgemm_avx512_bf16
            3582.0 us  __module.model.language_model.layers.28.mlp.gate_proj/aten::linear/Mat   brgemm_avx512_bf16
            3579.0 us  __module.model.language_model.layers.26.mlp.gate_proj/aten::linear/Mat   brgemm_avx512_bf16
            3577.0 us  __module.model.language_model.layers.13.mlp.gate_proj/aten::linear/Mat   brgemm_avx512_bf16
            3567.0 us  __module.model.language_model.layers.1.mlp.down_proj/aten::linear/MatM   brgemm_avx512_bf16
            3559.0 us  __module.model.language_model.layers.10.mlp.gate_proj/aten::linear/Mat   brgemm_avx512_bf16
[saved] /workspace/qwen3vl-cpu-benchmark/results/openvino_root_cause/investigate_baseline_p1.json  (rss 14.78 GiB)
