[transformers] PyTorch was not found. Models won't be available and only tokenizers, configuration and file/data utilities can be used.
[inv] openvino 2026.4.0-22959-99c81491cc3-releases/2026/4 devices=['CPU', 'GPU']
[inv] pre-norm node: __module.model.language_model.layers.35/aten::add/Add_1
[inv] read 0.101s compile 1.067s
[inv] supported_properties:
    CPU_DENORMALS_OPTIMIZATION = False
    CPU_SPARSE_WEIGHTS_DECOMPRESSION_RATE = 1.0
    DYNAMIC_QUANTIZATION_GROUP_SIZE = 64
    ENABLE_CPU_PINNING = True
    ENABLE_CPU_RESERVATION = False
    ENABLE_HYPER_THREADING = False
    ENABLE_TENSOR_PARALLEL = False
    EXECUTION_DEVICES = ['CPU']
    EXECUTION_MODE_HINT = ExecutionMode.PERFORMANCE
    INFERENCE_NUM_THREADS = 16
    INFERENCE_PRECISION_HINT = <Type: 'bfloat16'>
    KEY_CACHE_GROUP_SIZE = 0
    KEY_CACHE_PRECISION = <Type: 'uint8_t'>
    KV_CACHE_PRECISION = <Type: 'uint8_t'>
    LOG_LEVEL = Level.NO
    MODEL_DISTRIBUTION_POLICY = set()
    NETWORK_NAME = Model0
    NUM_STREAMS = 1
    OPTIMAL_NUMBER_OF_INFER_REQUESTS = 1
    PERFORMANCE_HINT = LATENCY
    PERFORMANCE_HINT_NUM_REQUESTS = 0
    PERF_COUNT = YES
    RUNTIME_REQUIREMENTS = meta=1.0;ov=2026.4.0;isa=Intel AVX-512 with Intel DL Boost and bfloat16 support
    SCHEDULING_CORE_TYPE = SchedulingCoreType.ANY_CORE
    SUPPORTED_PROPERTIES = {'SUPPORTED_PROPERTIES': 'RO', 'NETWORK_NAME': 'RO', 'OPTIMAL_NUMBER_OF_INFER_REQUESTS': 'RO', 'NUM_STREAMS': 'RO', 'INFERENCE_NUM_THREADS': 'RO', 'PERF_COUNT': 'RO', 'INFERENCE_PRECISION_HINT': 'RO', 'PERFORMANCE_HINT': 'RO', 'EXECUTION_MODE_HINT': 'RO', 'PERFORMANCE_HINT_NUM_REQUESTS': 'RO', 'ENABLE_CPU_PINNING': 'RO', 'ENABLE_CPU_RESERVATION': 'RO', 'SCHEDULING_CORE_TYPE': 'RO', 'MODEL_DISTRIBUTION_POLICY': 'RO', 'ENABLE_HYPER_THREADING': 'RO', 'EXECUTION_DEVICES': 'RO', 'CPU_DENORMALS_OPTIMIZATION': 'RO', 'LOG_LEVEL': 'RO', 'CPU_SPARSE_WEIGHTS_DECOMPRESSION_RATE': 'RO', 'ENABLE_TENSOR_PARALLEL': 'RO', 'TBB_PARTITIONER': 'RO', 'DYNAMIC_QUANTIZATION_GROUP_SIZE': 'RO', 'KV_CACHE_PRECISION': 'RO', 'KEY_CACHE_PRECISION': 'RO', 'VALUE_CACHE_PRECISION': 'RO', 'KEY_CACHE_GROUP_SIZE': 'RO', 'VALUE_CACHE_GROUP_SIZE': 'RO', 'RUNTIME_REQUIREMENTS': 'RO'}
    TBB_PARTITIONER = TbbPartitioner.STATIC
    VALUE_CACHE_GROUP_SIZE = 0
    VALUE_CACHE_PRECISION = <Type: 'uint8_t'>
[inv] DYNAMIC_QUANTIZATION_GROUP_SIZE supported: True
[inv] top runtime op/exec types:
     2712  ExecutionNode            
        6  Parameter                
        3  Result                   
[P1] n_tok=39 warm_p50=0.1593s mean=0.1601s min=0.1576s cos_hostA=0.9989705681800842
           11018.0 us  __module.lm_head/aten::linear/MatMul                                     brgemm_avx512_bf16
            2003.0 us  __module.model.language_model.layers.28.mlp.down_proj/aten::linear/Mat   brgemm_avx512_bf16
            1862.0 us  __module.model.language_model.layers.21.mlp.gate_proj/aten::linear/Mat   brgemm_avx512_bf16
            1613.0 us  __module.model.language_model.layers.12.mlp.gate_proj/aten::linear/Mat   brgemm_avx512_bf16
            1432.0 us  __module.model.language_model.layers.6.mlp.up_proj/aten::linear/MatMul   brgemm_avx512_bf16
            1305.0 us  __module.model.language_model.layers.35.mlp.up_proj/aten::linear/MatMu   brgemm_avx512_bf16
            1011.0 us  __module.model.language_model.layers.22.mlp.down_proj/aten::linear/Mat   brgemm_avx512_bf16
             949.0 us  __module.model.language_model.layers.17.mlp.gate_proj/aten::linear/Mat   brgemm_avx512_bf16
             941.0 us  __module.model.language_model.layers.25.mlp.gate_proj/aten::linear/Mat   brgemm_avx512_bf16
             935.0 us  __module.model.language_model.layers.21.mlp.down_proj/aten::linear/Mat   brgemm_avx512_bf16
             930.0 us  __module.model.language_model.layers.23.mlp.down_proj/aten::linear/Mat   brgemm_avx512_bf16
             930.0 us  __module.model.language_model.layers.26.mlp.down_proj/aten::linear/Mat   brgemm_avx512_bf16
[P2] n_tok=81 warm_p50=0.4448s mean=0.4299s min=0.3949s cos_hostA=0.9991647005081177
           23451.0 us  __module.lm_head/aten::linear/MatMul                                     brgemm_avx512_bf16
            2218.0 us  __module.model.language_model.layers.11.mlp.gate_proj/aten::linear/Mat   brgemm_avx512_bf16
            2109.0 us  __module.model.language_model.layers.28.mlp.down_proj/aten::linear/Mat   brgemm_avx512_bf16
            2076.0 us  __module.model.language_model.layers.23.mlp.gate_proj/aten::linear/Mat   brgemm_avx512_bf16
            2048.0 us  __module.model.language_model.layers.21.mlp.gate_proj/aten::linear/Mat   brgemm_avx512_bf16
            2016.0 us  __module.model.language_model.layers.11.mlp.up_proj/aten::linear/MatMu   brgemm_avx512_bf16
            1953.0 us  __module.model.language_model.layers.13.mlp.gate_proj/aten::linear/Mat   brgemm_avx512_bf16
            1940.0 us  __module.model.language_model.layers.32.mlp.down_proj/aten::linear/Mat   brgemm_avx512_bf16
            1930.0 us  __module.model.language_model.layers.32.mlp.up_proj/aten::linear/MatMu   brgemm_avx512_bf16
            1915.0 us  __module.model.language_model.layers.12.mlp.gate_proj/aten::linear/Mat   brgemm_avx512_bf16
            1909.0 us  __module.model.language_model.layers.34.mlp.up_proj/aten::linear/MatMu   brgemm_avx512_bf16
            1864.0 us  __module.model.language_model.layers.27.mlp.up_proj/aten::linear/MatMu   brgemm_avx512_bf16
[P3] n_tok=185 warm_p50=0.7895s mean=0.7919s min=0.7807s cos_hostA=0.9992466568946838
           33415.0 us  __module.lm_head/aten::linear/MatMul                                     brgemm_avx512_bf16
            3538.0 us  __module.model.language_model.layers.11.mlp.gate_proj/aten::linear/Mat   brgemm_avx512_bf16
            3428.0 us  __module.model.language_model.layers.23.mlp.gate_proj/aten::linear/Mat   brgemm_avx512_bf16
            3234.0 us  __module.model.language_model.layers.33.mlp.up_proj/aten::linear/MatMu   brgemm_avx512_bf16
            3144.0 us  __module.model.language_model.layers.28.mlp.down_proj/aten::linear/Mat   brgemm_avx512_bf16
            2994.0 us  __module.model.language_model.layers.12.mlp.up_proj/aten::linear/MatMu   brgemm_avx512_bf16
            2916.0 us  __module.model.language_model.layers.32.mlp.up_proj/aten::linear/MatMu   brgemm_avx512_bf16
            2873.0 us  __module.model.language_model.layers.16.mlp.up_proj/aten::linear/MatMu   brgemm_avx512_bf16
            2865.0 us  __module.model.language_model.layers.17.mlp.down_proj/aten::linear/Mat   brgemm_avx512_bf16
            2854.0 us  __module.model.language_model.layers.28.mlp.up_proj/aten::linear/MatMu   brgemm_avx512_bf16
            2795.0 us  __module.model.language_model.layers.12.mlp.gate_proj/aten::linear/Mat   brgemm_avx512_bf16
            2747.0 us  __module.model.language_model.layers.21.mlp.gate_proj/aten::linear/Mat   brgemm_avx512_bf16
[saved] /workspace/qwen3vl-cpu-benchmark/results/openvino_root_cause/investigate_dqcos_64.json  (rss 14.77 GiB)
