[transformers] PyTorch was not found. Models won't be available and only tokenizers, configuration and file/data utilities can be used.
[inv] openvino 2026.4.0-22959-99c81491cc3-releases/2026/4 devices=['CPU', 'GPU']
[inv] pre-norm node: __module.model.language_model.layers.35/aten::add/Add_1
[inv] read 0.098s compile 0.813s
[inv] supported_properties:
    CPU_DENORMALS_OPTIMIZATION = False
    CPU_SPARSE_WEIGHTS_DECOMPRESSION_RATE = 1.0
    DYNAMIC_QUANTIZATION_GROUP_SIZE = 32
    ENABLE_CPU_PINNING = True
    ENABLE_CPU_RESERVATION = False
    ENABLE_HYPER_THREADING = False
    ENABLE_TENSOR_PARALLEL = False
    EXECUTION_DEVICES = ['CPU']
    EXECUTION_MODE_HINT = ExecutionMode.PERFORMANCE
    INFERENCE_NUM_THREADS = 16
    INFERENCE_PRECISION_HINT = <Type: 'bfloat16'>
    KEY_CACHE_GROUP_SIZE = 0
    KEY_CACHE_PRECISION = <Type: 'float16'>
    KV_CACHE_PRECISION = <Type: 'float16'>
    LOG_LEVEL = Level.NO
    MODEL_DISTRIBUTION_POLICY = set()
    NETWORK_NAME = Model0
    NUM_STREAMS = 1
    OPTIMAL_NUMBER_OF_INFER_REQUESTS = 1
    PERFORMANCE_HINT = LATENCY
    PERFORMANCE_HINT_NUM_REQUESTS = 0
    PERF_COUNT = YES
    RUNTIME_REQUIREMENTS = meta=1.0;ov=2026.4.0;isa=Intel AVX-512 with Intel DL Boost and bfloat16 support
    SCHEDULING_CORE_TYPE = SchedulingCoreType.ANY_CORE
    SUPPORTED_PROPERTIES = {'SUPPORTED_PROPERTIES': 'RO', 'NETWORK_NAME': 'RO', 'OPTIMAL_NUMBER_OF_INFER_REQUESTS': 'RO', 'NUM_STREAMS': 'RO', 'INFERENCE_NUM_THREADS': 'RO', 'PERF_COUNT': 'RO', 'INFERENCE_PRECISION_HINT': 'RO', 'PERFORMANCE_HINT': 'RO', 'EXECUTION_MODE_HINT': 'RO', 'PERFORMANCE_HINT_NUM_REQUESTS': 'RO', 'ENABLE_CPU_PINNING': 'RO', 'ENABLE_CPU_RESERVATION': 'RO', 'SCHEDULING_CORE_TYPE': 'RO', 'MODEL_DISTRIBUTION_POLICY': 'RO', 'ENABLE_HYPER_THREADING': 'RO', 'EXECUTION_DEVICES': 'RO', 'CPU_DENORMALS_OPTIMIZATION': 'RO', 'LOG_LEVEL': 'RO', 'CPU_SPARSE_WEIGHTS_DECOMPRESSION_RATE': 'RO', 'ENABLE_TENSOR_PARALLEL': 'RO', 'TBB_PARTITIONER': 'RO', 'DYNAMIC_QUANTIZATION_GROUP_SIZE': 'RO', 'KV_CACHE_PRECISION': 'RO', 'KEY_CACHE_PRECISION': 'RO', 'VALUE_CACHE_PRECISION': 'RO', 'KEY_CACHE_GROUP_SIZE': 'RO', 'VALUE_CACHE_GROUP_SIZE': 'RO', 'RUNTIME_REQUIREMENTS': 'RO'}
    TBB_PARTITIONER = TbbPartitioner.STATIC
    VALUE_CACHE_GROUP_SIZE = 0
    VALUE_CACHE_PRECISION = <Type: 'float16'>
[inv] DYNAMIC_QUANTIZATION_GROUP_SIZE supported: True
[inv] top runtime op/exec types:
     2206  ExecutionNode
        6  Parameter
        3  Result
[P1] n_tok=39 warm_p50=0.2314s mean=0.2323s min=0.2297s cos_hostA=None
           16683.0 us  __module.lm_head/aten::linear/MatMul                                     brgemm_avx512_bf16
            1986.0 us  __module.model.language_model.layers.2.mlp.down_proj/aten::linear/MatM   brgemm_avx512_bf16
            1831.0 us  __module.model.language_model.layers.30.mlp.up_proj/aten::linear/MatMu   brgemm_avx512_bf16
            1827.0 us  __module.model.language_model.layers.13.mlp.down_proj/aten::linear/Mat   brgemm_avx512_bf16
            1820.0 us  __module.model.language_model.layers.23.mlp.up_proj/aten::linear/MatMu   brgemm_avx512_bf16
            1784.0 us  __module.model.language_model.layers.5.mlp.gate_proj/aten::linear/MatM   brgemm_avx512_bf16
            1716.0 us  __module.model.language_model.layers.19.mlp.down_proj/aten::linear/Mat   brgemm_avx512_bf16
            1714.0 us  __module.model.language_model.layers.19.mlp.gate_proj/aten::linear/Mat   brgemm_avx512_bf16
            1658.0 us  __module.model.language_model.layers.30.mlp.gate_proj/aten::linear/Mat   brgemm_avx512_bf16
            1656.0 us  __module.model.language_model.layers.8.mlp.up_proj/aten::linear/MatMul   brgemm_avx512_bf16
            1610.0 us  __module.model.language_model.layers.25.mlp.gate_proj/aten::linear/Mat   brgemm_avx512_bf16
            1608.0 us  __module.model.language_model.layers.35.mlp.up_proj/aten::linear/MatMu   brgemm_avx512_bf16
[P2] n_tok=81 warm_p50=0.6421s mean=0.6423s min=0.6355s cos_hostA=None
           33438.0 us  __module.lm_head/aten::linear/MatMul                                     brgemm_avx512_bf16
            2913.0 us  __module.model.language_model.layers.13.mlp.gate_proj/aten::linear/Mat   brgemm_avx512_bf16
            2888.0 us  __module.model.language_model.layers.30.mlp.up_proj/aten::linear/MatMu   brgemm_avx512_bf16
            2878.0 us  __module.model.language_model.layers.23.mlp.up_proj/aten::linear/MatMu   brgemm_avx512_bf16
            2876.0 us  __module.model.language_model.layers.13.mlp.down_proj/aten::linear/Mat   brgemm_avx512_bf16
            2849.0 us  __module.model.language_model.layers.27.mlp.gate_proj/aten::linear/Mat   brgemm_avx512_bf16
            2838.0 us  __module.model.language_model.layers.2.mlp.down_proj/aten::linear/MatM   brgemm_avx512_bf16
            2834.0 us  __module.model.language_model.layers.35.mlp.up_proj/aten::linear/MatMu   brgemm_avx512_bf16
            2819.0 us  __module.model.language_model.layers.8.mlp.gate_proj/aten::linear/MatM   brgemm_avx512_bf16
            2800.0 us  __module.model.language_model.layers.28.mlp.down_proj/aten::linear/Mat   brgemm_avx512_bf16
            2773.0 us  __module.model.language_model.layers.19.mlp.gate_proj/aten::linear/Mat   brgemm_avx512_bf16
            2772.0 us  __module.model.language_model.layers.30.mlp.gate_proj/aten::linear/Mat   brgemm_avx512_bf16
[P3] n_tok=185 warm_p50=1.1679s mean=1.1643s min=1.1520s cos_hostA=None
           47684.0 us  __module.lm_head/aten::linear/MatMul                                     brgemm_avx512_bf16
            4752.0 us  __module.model.language_model.layers.30.mlp.gate_proj/aten::linear/Mat   brgemm_avx512_bf16
            4376.0 us  __module.model.language_model.layers.6.mlp.down_proj/aten::linear/MatM   brgemm_avx512_bf16
            4365.0 us  __module.model.language_model.layers.23.mlp.gate_proj/aten::linear/Mat   brgemm_avx512_bf16
            4349.0 us  __module.model.language_model.layers.16.mlp.gate_proj/aten::linear/Mat   brgemm_avx512_bf16
            4326.0 us  __module.model.language_model.layers.25.mlp.up_proj/aten::linear/MatMu   brgemm_avx512_bf16
            4326.0 us  __module.model.language_model.layers.26.mlp.down_proj/aten::linear/Mat   brgemm_avx512_bf16
            4273.0 us  __module.model.language_model.layers.8.mlp.gate_proj/aten::linear/MatM   brgemm_avx512_bf16
            4272.0 us  __module.model.language_model.layers.34.mlp.gate_proj/aten::linear/Mat   brgemm_avx512_bf16
            4244.0 us  __module.model.language_model.layers.13.mlp.down_proj/aten::linear/Mat   brgemm_avx512_bf16
            4242.0 us  __module.model.language_model.layers.30.mlp.up_proj/aten::linear/MatMu   brgemm_avx512_bf16
            4237.0 us  __module.model.language_model.layers.10.mlp.up_proj/aten::linear/MatMu   brgemm_avx512_bf16
[saved] /workspace/qwen3vl-cpu-benchmark/results/openvino_root_cause/investigate_fp16_p2.json  (rss 28.87 GiB)
