[transformers] PyTorch was not found. Models won't be available and only tokenizers, configuration and file/data utilities can be used.
[inv] openvino 2026.4.0-22959-99c81491cc3-releases/2026/4 devices=['CPU', 'GPU']
[inv] pre-norm node: __module.model.language_model.layers.35/aten::add/Add_1
[inv] read 0.095s compile 0.824s
[inv] supported_properties:
    CPU_DENORMALS_OPTIMIZATION = False
    CPU_SPARSE_WEIGHTS_DECOMPRESSION_RATE = 1.0
    DYNAMIC_QUANTIZATION_GROUP_SIZE = 32
    ENABLE_CPU_PINNING = True
    ENABLE_CPU_RESERVATION = False
    ENABLE_HYPER_THREADING = False
    ENABLE_TENSOR_PARALLEL = False
    EXECUTION_DEVICES = ['CPU']
    EXECUTION_MODE_HINT = ExecutionMode.PERFORMANCE
    INFERENCE_NUM_THREADS = 16
    INFERENCE_PRECISION_HINT = <Type: 'bfloat16'>
    KEY_CACHE_GROUP_SIZE = 0
    KEY_CACHE_PRECISION = <Type: 'float16'>
    KV_CACHE_PRECISION = <Type: 'float16'>
    LOG_LEVEL = Level.NO
    MODEL_DISTRIBUTION_POLICY = set()
    NETWORK_NAME = Model0
    NUM_STREAMS = 1
    OPTIMAL_NUMBER_OF_INFER_REQUESTS = 1
    PERFORMANCE_HINT = LATENCY
    PERFORMANCE_HINT_NUM_REQUESTS = 0
    PERF_COUNT = YES
    RUNTIME_REQUIREMENTS = meta=1.0;ov=2026.4.0;isa=Intel AVX-512 with Intel DL Boost and bfloat16 support
    SCHEDULING_CORE_TYPE = SchedulingCoreType.ANY_CORE
    SUPPORTED_PROPERTIES = {'SUPPORTED_PROPERTIES': 'RO', 'NETWORK_NAME': 'RO', 'OPTIMAL_NUMBER_OF_INFER_REQUESTS': 'RO', 'NUM_STREAMS': 'RO', 'INFERENCE_NUM_THREADS': 'RO', 'PERF_COUNT': 'RO', 'INFERENCE_PRECISION_HINT': 'RO', 'PERFORMANCE_HINT': 'RO', 'EXECUTION_MODE_HINT': 'RO', 'PERFORMANCE_HINT_NUM_REQUESTS': 'RO', 'ENABLE_CPU_PINNING': 'RO', 'ENABLE_CPU_RESERVATION': 'RO', 'SCHEDULING_CORE_TYPE': 'RO', 'MODEL_DISTRIBUTION_POLICY': 'RO', 'ENABLE_HYPER_THREADING': 'RO', 'EXECUTION_DEVICES': 'RO', 'CPU_DENORMALS_OPTIMIZATION': 'RO', 'LOG_LEVEL': 'RO', 'CPU_SPARSE_WEIGHTS_DECOMPRESSION_RATE': 'RO', 'ENABLE_TENSOR_PARALLEL': 'RO', 'TBB_PARTITIONER': 'RO', 'DYNAMIC_QUANTIZATION_GROUP_SIZE': 'RO', 'KV_CACHE_PRECISION': 'RO', 'KEY_CACHE_PRECISION': 'RO', 'VALUE_CACHE_PRECISION': 'RO', 'KEY_CACHE_GROUP_SIZE': 'RO', 'VALUE_CACHE_GROUP_SIZE': 'RO', 'RUNTIME_REQUIREMENTS': 'RO'}
    TBB_PARTITIONER = TbbPartitioner.STATIC
    VALUE_CACHE_GROUP_SIZE = 0
    VALUE_CACHE_PRECISION = <Type: 'float16'>
[inv] DYNAMIC_QUANTIZATION_GROUP_SIZE supported: True
[inv] top runtime op/exec types:
     2206  ExecutionNode
        6  Parameter
        3  Result
[P1] n_tok=39 warm_p50=0.2403s mean=0.2397s min=0.2341s cos_hostA=None
           16623.0 us  __module.lm_head/aten::linear/MatMul                                     brgemm_avx512_bf16
            2051.0 us  __module.model.language_model.layers.17.mlp.up_proj/aten::linear/MatMu   brgemm_avx512_bf16
        2040.0000000000002 us  __module.model.language_model.layers.20.mlp.gate_proj/aten::linear/Mat   brgemm_avx512_bf16
        2014.9999999999998 us  __module.model.language_model.layers.11.mlp.up_proj/aten::linear/MatMu   brgemm_avx512_bf16
            1970.0 us  __module.model.language_model.layers.28.mlp.gate_proj/aten::linear/Mat   brgemm_avx512_bf16
            1912.0 us  __module.model.language_model.layers.13.mlp.down_proj/aten::linear/Mat   brgemm_avx512_bf16
            1893.0 us  __module.model.language_model.layers.35.mlp.gate_proj/aten::linear/Mat   brgemm_avx512_bf16
            1819.0 us  __module.model.language_model.layers.33.mlp.down_proj/aten::linear/Mat   brgemm_avx512_bf16
            1774.0 us  __module.model.language_model.layers.27.mlp.down_proj/aten::linear/Mat   brgemm_avx512_bf16
            1756.0 us  __module.model.language_model.layers.18.mlp.gate_proj/aten::linear/Mat   brgemm_avx512_bf16
            1754.0 us  __module.model.language_model.layers.27.mlp.gate_proj/aten::linear/Mat   brgemm_avx512_bf16
            1734.0 us  __module.model.language_model.layers.11.mlp.gate_proj/aten::linear/Mat   brgemm_avx512_bf16
[P2] n_tok=81 warm_p50=0.6481s mean=0.6490s min=0.6443s cos_hostA=None
           33666.0 us  __module.lm_head/aten::linear/MatMul                                     brgemm_avx512_bf16
            3346.0 us  __module.model.language_model.layers.27.mlp.gate_proj/aten::linear/Mat   brgemm_avx512_bf16
            3249.0 us  __module.model.language_model.layers.34.mlp.gate_proj/aten::linear/Mat   brgemm_avx512_bf16
            3248.0 us  __module.model.language_model.layers.20.mlp.gate_proj/aten::linear/Mat   brgemm_avx512_bf16
            3140.0 us  __module.model.language_model.layers.33.mlp.up_proj/aten::linear/MatMu   brgemm_avx512_bf16
            3127.0 us  __module.model.language_model.layers.21.mlp.down_proj/aten::linear/Mat   brgemm_avx512_bf16
            3015.0 us  __module.model.language_model.layers.8.mlp.up_proj/aten::linear/MatMul   brgemm_avx512_bf16
            3001.0 us  __module.model.language_model.layers.13.mlp.down_proj/aten::linear/Mat   brgemm_avx512_bf16
            2986.0 us  __module.model.language_model.layers.11.mlp.up_proj/aten::linear/MatMu   brgemm_avx512_bf16
            2925.0 us  __module.model.language_model.layers.33.mlp.down_proj/aten::linear/Mat   brgemm_avx512_bf16
            2889.0 us  __module.model.language_model.layers.14.mlp.down_proj/aten::linear/Mat   brgemm_avx512_bf16
            2875.0 us  __module.model.language_model.layers.26.mlp.gate_proj/aten::linear/Mat   brgemm_avx512_bf16
[P3] n_tok=185 warm_p50=1.1313s mean=1.1318s min=1.1218s cos_hostA=None
           45908.0 us  __module.lm_head/aten::linear/MatMul                                     brgemm_avx512_bf16
            4561.0 us  __module.model.language_model.layers.27.mlp.gate_proj/aten::linear/Mat   brgemm_avx512_bf16
            4483.0 us  __module.model.language_model.layers.11.mlp.gate_proj/aten::linear/Mat   brgemm_avx512_bf16
            4461.0 us  __module.model.language_model.layers.34.mlp.gate_proj/aten::linear/Mat   brgemm_avx512_bf16
            4449.0 us  __module.model.language_model.layers.20.mlp.gate_proj/aten::linear/Mat   brgemm_avx512_bf16
            4441.0 us  __module.model.language_model.layers.21.mlp.down_proj/aten::linear/Mat   brgemm_avx512_bf16
            4389.0 us  __module.model.language_model.layers.11.mlp.up_proj/aten::linear/MatMu   brgemm_avx512_bf16
            4352.0 us  __module.model.language_model.layers.8.mlp.up_proj/aten::linear/MatMul   brgemm_avx512_bf16
            4343.0 us  __module.model.language_model.layers.14.mlp.down_proj/aten::linear/Mat   brgemm_avx512_bf16
            4341.0 us  __module.model.language_model.layers.33.mlp.up_proj/aten::linear/MatMu   brgemm_avx512_bf16
            4328.0 us  __module.model.language_model.layers.34.mlp.down_proj/aten::linear/Mat   brgemm_avx512_bf16
            4326.0 us  __module.model.language_model.layers.30.mlp.up_proj/aten::linear/MatMu   brgemm_avx512_bf16
[saved] /workspace/qwen3vl-cpu-benchmark/results/openvino_root_cause/investigate_fp16_p3.json  (rss 28.87 GiB)
