[transformers] PyTorch was not found. Models won't be available and only tokenizers, configuration and file/data utilities can be used.
[inv] openvino 2026.4.0-22959-99c81491cc3-releases/2026/4 devices=['CPU', 'GPU']
[inv] pre-norm node: __module.model.language_model.layers.35/aten::add/Add_1
[inv] read 0.093s compile 0.807s
[inv] supported_properties:
    CPU_DENORMALS_OPTIMIZATION = False
    CPU_SPARSE_WEIGHTS_DECOMPRESSION_RATE = 1.0
    DYNAMIC_QUANTIZATION_GROUP_SIZE = 32
    ENABLE_CPU_PINNING = True
    ENABLE_CPU_RESERVATION = False
    ENABLE_HYPER_THREADING = False
    ENABLE_TENSOR_PARALLEL = False
    EXECUTION_DEVICES = ['CPU']
    EXECUTION_MODE_HINT = ExecutionMode.PERFORMANCE
    INFERENCE_NUM_THREADS = 16
    INFERENCE_PRECISION_HINT = <Type: 'bfloat16'>
    KEY_CACHE_GROUP_SIZE = 0
    KEY_CACHE_PRECISION = <Type: 'float16'>
    KV_CACHE_PRECISION = <Type: 'float16'>
    LOG_LEVEL = Level.NO
    MODEL_DISTRIBUTION_POLICY = set()
    NETWORK_NAME = Model0
    NUM_STREAMS = 1
    OPTIMAL_NUMBER_OF_INFER_REQUESTS = 1
    PERFORMANCE_HINT = LATENCY
    PERFORMANCE_HINT_NUM_REQUESTS = 0
    PERF_COUNT = YES
    RUNTIME_REQUIREMENTS = meta=1.0;ov=2026.4.0;isa=Intel AVX-512 with Intel DL Boost and bfloat16 support
    SCHEDULING_CORE_TYPE = SchedulingCoreType.ANY_CORE
    SUPPORTED_PROPERTIES = {'SUPPORTED_PROPERTIES': 'RO', 'NETWORK_NAME': 'RO', 'OPTIMAL_NUMBER_OF_INFER_REQUESTS': 'RO', 'NUM_STREAMS': 'RO', 'INFERENCE_NUM_THREADS': 'RO', 'PERF_COUNT': 'RO', 'INFERENCE_PRECISION_HINT': 'RO', 'PERFORMANCE_HINT': 'RO', 'EXECUTION_MODE_HINT': 'RO', 'PERFORMANCE_HINT_NUM_REQUESTS': 'RO', 'ENABLE_CPU_PINNING': 'RO', 'ENABLE_CPU_RESERVATION': 'RO', 'SCHEDULING_CORE_TYPE': 'RO', 'MODEL_DISTRIBUTION_POLICY': 'RO', 'ENABLE_HYPER_THREADING': 'RO', 'EXECUTION_DEVICES': 'RO', 'CPU_DENORMALS_OPTIMIZATION': 'RO', 'LOG_LEVEL': 'RO', 'CPU_SPARSE_WEIGHTS_DECOMPRESSION_RATE': 'RO', 'ENABLE_TENSOR_PARALLEL': 'RO', 'TBB_PARTITIONER': 'RO', 'DYNAMIC_QUANTIZATION_GROUP_SIZE': 'RO', 'KV_CACHE_PRECISION': 'RO', 'KEY_CACHE_PRECISION': 'RO', 'VALUE_CACHE_PRECISION': 'RO', 'KEY_CACHE_GROUP_SIZE': 'RO', 'VALUE_CACHE_GROUP_SIZE': 'RO', 'RUNTIME_REQUIREMENTS': 'RO'}
    TBB_PARTITIONER = TbbPartitioner.STATIC
    VALUE_CACHE_GROUP_SIZE = 0
    VALUE_CACHE_PRECISION = <Type: 'float16'>
[inv] DYNAMIC_QUANTIZATION_GROUP_SIZE supported: True
[inv] top runtime op/exec types:
     2206  ExecutionNode
        6  Parameter
        3  Result
[P1] n_tok=39 warm_p50=0.2324s mean=0.2326s min=0.2252s cos_hostA=None
           18806.0 us  __module.lm_head/aten::linear/MatMul                                     brgemm_avx512_bf16
            1910.0 us  __module.model.language_model.layers.1.mlp.down_proj/aten::linear/MatM   brgemm_avx512_bf16
            1746.0 us  __module.model.language_model.layers.35.mlp.down_proj/aten::linear/Mat   brgemm_avx512_bf16
            1661.0 us  __module.model.language_model.layers.12.mlp.up_proj/aten::linear/MatMu   brgemm_avx512_bf16
            1655.0 us  __module.model.language_model.layers.30.mlp.up_proj/aten::linear/MatMu   brgemm_avx512_bf16
            1602.0 us  __module.model.language_model.layers.26.mlp.gate_proj/aten::linear/Mat   brgemm_avx512_bf16
            1577.0 us  __module.model.language_model.layers.19.mlp.up_proj/aten::linear/MatMu   brgemm_avx512_bf16
            1564.0 us  __module.model.language_model.layers.13.mlp.up_proj/aten::linear/MatMu   brgemm_avx512_bf16
            1526.0 us  __module.model.language_model.layers.35.mlp.up_proj/aten::linear/MatMu   brgemm_avx512_bf16
            1515.0 us  __module.model.language_model.layers.31.mlp.down_proj/aten::linear/Mat   brgemm_avx512_bf16
            1492.0 us  __module.model.language_model.layers.15.mlp.gate_proj/aten::linear/Mat   brgemm_avx512_bf16
            1487.0 us  __module.model.language_model.layers.24.mlp.gate_proj/aten::linear/Mat   brgemm_avx512_bf16
[P2] n_tok=81 warm_p50=0.6450s mean=0.6451s min=0.6391s cos_hostA=None
           34721.0 us  __module.lm_head/aten::linear/MatMul                                     brgemm_avx512_bf16
            2941.0 us  __module.model.language_model.layers.35.mlp.down_proj/aten::linear/Mat   brgemm_avx512_bf16
            2904.0 us  __module.model.language_model.layers.26.mlp.gate_proj/aten::linear/Mat   brgemm_avx512_bf16
            2897.0 us  __module.model.language_model.layers.8.mlp.gate_proj/aten::linear/MatM   brgemm_avx512_bf16
            2830.0 us  __module.model.language_model.layers.6.mlp.gate_proj/aten::linear/MatM   brgemm_avx512_bf16
            2813.0 us  __module.model.language_model.layers.7.mlp.up_proj/aten::linear/MatMul   brgemm_avx512_bf16
            2795.0 us  __module.model.language_model.layers.1.mlp.down_proj/aten::linear/MatM   brgemm_avx512_bf16
            2792.0 us  __module.model.language_model.layers.13.mlp.gate_proj/aten::linear/Mat   brgemm_avx512_bf16
            2791.0 us  __module.model.language_model.layers.10.mlp.gate_proj/aten::linear/Mat   brgemm_avx512_bf16
            2789.0 us  __module.model.language_model.layers.26.mlp.up_proj/aten::linear/MatMu   brgemm_avx512_bf16
            2770.0 us  __module.model.language_model.layers.27.mlp.gate_proj/aten::linear/Mat   brgemm_avx512_bf16
            2764.0 us  __module.model.language_model.layers.12.mlp.up_proj/aten::linear/MatMu   brgemm_avx512_bf16
[P3] n_tok=185 warm_p50=1.1494s mean=1.1541s min=1.1413s cos_hostA=None
           46642.0 us  __module.lm_head/aten::linear/MatMul                                     brgemm_avx512_bf16
            4387.0 us  __module.model.language_model.layers.35.mlp.down_proj/aten::linear/Mat   brgemm_avx512_bf16
            4347.0 us  __module.model.language_model.layers.27.mlp.gate_proj/aten::linear/Mat   brgemm_avx512_bf16
            4331.0 us  __module.model.language_model.layers.26.mlp.gate_proj/aten::linear/Mat   brgemm_avx512_bf16
            4299.0 us  __module.model.language_model.layers.34.mlp.gate_proj/aten::linear/Mat   brgemm_avx512_bf16
            4291.0 us  __module.model.language_model.layers.20.mlp.gate_proj/aten::linear/Mat   brgemm_avx512_bf16
            4264.0 us  __module.model.language_model.layers.30.mlp.down_proj/aten::linear/Mat   brgemm_avx512_bf16
            4251.0 us  __module.model.language_model.layers.13.mlp.up_proj/aten::linear/MatMu   brgemm_avx512_bf16
            4250.0 us  __module.model.language_model.layers.13.mlp.gate_proj/aten::linear/Mat   brgemm_avx512_bf16
            4236.0 us  __module.model.language_model.layers.23.mlp.down_proj/aten::linear/Mat   brgemm_avx512_bf16
            4230.0 us  __module.model.language_model.layers.25.mlp.gate_proj/aten::linear/Mat   brgemm_avx512_bf16
            4223.0 us  __module.model.language_model.layers.3.mlp.gate_proj/aten::linear/MatM   brgemm_avx512_bf16
[saved] /workspace/qwen3vl-cpu-benchmark/results/openvino_root_cause/investigate_fp16_p1.json  (rss 28.66 GiB)
